/home/yxhu/work_nfs/data/tfrecords_station_noise_-5_5/addnoise_2w_chosen_station_noise_-5_5_noisy/MROA0_MROA0_SX137.wav /home/yxhu/work_nfs/data/clean_wav_16k/MROA0_MROA0_SX137.wav 3.3344375
/home/yxhu/work_nfs/data/tfrecords_station_noise_-5_5/addnoise_2w_chosen_station_noise_-5_5_noisy/speaker063_10641027.wav /home/yxhu/work_nfs/data/clean_wav_16k/speaker063_10641027.wav 8.87
/home/yxhu/work_nfs/data/tfrecords_station_noise_-5_5/addnoise_2w_chosen_station_noise_-5_5_noisy/wav5_200_16k_107162.wav /home/yxhu/work_nfs/data/clean_wav_16k/wav5_200_16k_107162.wav 2.8175
/home/yxhu/work_nfs/data/tfrecords_station_noise_-5_5/addnoise_2w_chosen_station_noise_-5_5_noisy/wav3_200_000176.wav /home/yxhu/work_nfs/data/clean_wav_16k/wav3_200_000176.wav 2.75
/home/yxhu/work_nfs/data/tfrecords_station_noise_-5_5/addnoise_2w_chosen_station_noise_-5_5_noisy/roboo_wav_16k_031492.wav /home/yxhu/work_nfs/data/clean_wav_16k/roboo_wav_16k_031492.wav 4.827
/home/yxhu/work_nfs/data/tfrecords_station_noise_-5_5/addnoise_2w_chosen_station_noise_-5_5_noisy/speaker095_10961017.wav /home/yxhu/work_nfs/data/clean_wav_16k/speaker095_10961017.wav 8.9396875
/home/yxhu/work_nfs/data/tfrecords_station_noise_-5_5/addnoise_2w_chosen_station_noise_-5_5_noisy/roboo_wav_16k_026500.wav /home/yxhu/work_nfs/data/clean_wav_16k/roboo_wav_16k_026500.wav 3.2395
/home/yxhu/work_nfs/data/tfrecords_station_noise_-5_5/addnoise_2w_chosen_station_noise_-5_5_noisy/roboo_wav_16k_013307.wav /home/yxhu/work_nfs/data/clean_wav_16k/roboo_wav_16k_013307.wav 3.396625
/home/yxhu/work_nfs/data/tfrecords_station_noise_-5_5/addnoise_2w_chosen_station_noise_-5_5_noisy/speaker052_10531021.wav /home/yxhu/work_nfs/data/clean_wav_16k/speaker052_10531021.wav 10.05425
/home/yxhu/work_nfs/data/tfrecords_station_noise_-5_5/addnoise_2w_chosen_station_noise_-5_5_noisy/speaker011_10121002.wav /home/yxhu/work_nfs/data/clean_wav_16k/speaker011_10121002.wav 8.2663125
