/home/disk2/SE_data/noisy_for_reconst/roboo_wav_16k_000311.wav
/home/disk2/SE_data/noisy_for_reconst/roboo_wav_16k_000337.wav
/home/disk2/SE_data/noisy_for_reconst/roboo_wav_16k_000367.wav
/home/disk2/SE_data/noisy_for_reconst/roboo_wav_16k_000368.wav
/home/disk2/SE_data/noisy_for_reconst/roboo_wav_16k_000381.wav
/home/disk2/SE_data/noisy_for_reconst/roboo_wav_16k_000386.wav
/home/disk2/SE_data/noisy_for_reconst/roboo_wav_16k_000421.wav
/home/disk2/SE_data/noisy_for_reconst/roboo_wav_16k_000457.wav
/home/disk2/SE_data/noisy_for_reconst/roboo_wav_16k_000467.wav
/home/disk2/SE_data/noisy_for_reconst/roboo_wav_16k_000475.wav
/home/disk2/SE_data/noisy_for_reconst/roboo_wav_16k_000478.wav
/home/disk2/SE_data/noisy_for_reconst/roboo_wav_16k_000479.wav
/home/disk2/SE_data/noisy_for_reconst/roboo_wav_16k_001372.wav
/home/disk2/SE_data/noisy_for_reconst/roboo_wav_16k_001454.wav
/home/disk2/SE_data/noisy_for_reconst/roboo_wav_16k_001483.wav
/home/disk2/SE_data/noisy_for_reconst/roboo_wav_16k_001487.wav
/home/disk2/SE_data/noisy_for_reconst/roboo_wav_16k_002315.wav
/home/disk2/SE_data/noisy_for_reconst/roboo_wav_16k_002326.wav
/home/disk2/SE_data/noisy_for_reconst/roboo_wav_16k_002401.wav
/home/disk2/SE_data/noisy_for_reconst/roboo_wav_16k_002438.wav
/home/disk2/SE_data/noisy_for_reconst/roboo_wav_16k_003319.wav
/home/disk2/SE_data/noisy_for_reconst/roboo_wav_16k_003365.wav
/home/disk2/SE_data/noisy_for_reconst/roboo_wav_16k_003370.wav
/home/disk2/SE_data/noisy_for_reconst/roboo_wav_16k_003417.wav
/home/disk2/SE_data/noisy_for_reconst/roboo_wav_16k_003419.wav
/home/disk2/SE_data/noisy_for_reconst/roboo_wav_16k_003486.wav
/home/disk2/SE_data/noisy_for_reconst/roboo_wav_16k_004346.wav
/home/disk2/SE_data/noisy_for_reconst/roboo_wav_16k_004396.wav
/home/disk2/SE_data/noisy_for_reconst/roboo_wav_16k_004429.wav
/home/disk2/SE_data/noisy_for_reconst/roboo_wav_16k_004453.wav
/home/disk2/SE_data/noisy_for_reconst/roboo_wav_16k_004474.wav
/home/disk2/SE_data/noisy_for_reconst/roboo_wav_16k_004490.wav
/home/disk2/SE_data/noisy_for_reconst/roboo_wav_16k_005322.wav
/home/disk2/SE_data/noisy_for_reconst/roboo_wav_16k_005359.wav
/home/disk2/SE_data/noisy_for_reconst/roboo_wav_16k_005366.wav
/home/disk2/SE_data/noisy_for_reconst/roboo_wav_16k_006306.wav
/home/disk2/SE_data/noisy_for_reconst/roboo_wav_16k_006313.wav
/home/disk2/SE_data/noisy_for_reconst/roboo_wav_16k_006466.wav
/home/disk2/SE_data/noisy_for_reconst/roboo_wav_16k_006468.wav
/home/disk2/SE_data/noisy_for_reconst/roboo_wav_16k_006500.wav
/home/disk2/SE_data/noisy_for_reconst/roboo_wav_16k_007305.wav
/home/disk2/SE_data/noisy_for_reconst/roboo_wav_16k_007336.wav
/home/disk2/SE_data/noisy_for_reconst/roboo_wav_16k_007351.wav
/home/disk2/SE_data/noisy_for_reconst/roboo_wav_16k_007467.wav
/home/disk2/SE_data/noisy_for_reconst/roboo_wav_16k_007471.wav
/home/disk2/SE_data/noisy_for_reconst/roboo_wav_16k_007485.wav
/home/disk2/SE_data/noisy_for_reconst/roboo_wav_16k_008323.wav
/home/disk2/SE_data/noisy_for_reconst/roboo_wav_16k_008342.wav
/home/disk2/SE_data/noisy_for_reconst/roboo_wav_16k_008347.wav
/home/disk2/SE_data/noisy_for_reconst/roboo_wav_16k_008348.wav
/home/disk2/SE_data/noisy_for_reconst/roboo_wav_16k_008382.wav
/home/disk2/SE_data/noisy_for_reconst/roboo_wav_16k_008386.wav
/home/disk2/SE_data/noisy_for_reconst/roboo_wav_16k_008412.wav
/home/disk2/SE_data/noisy_for_reconst/roboo_wav_16k_008487.wav
/home/disk2/SE_data/noisy_for_reconst/roboo_wav_16k_009310.wav
/home/disk2/SE_data/noisy_for_reconst/roboo_wav_16k_009341.wav
/home/disk2/SE_data/noisy_for_reconst/roboo_wav_16k_009362.wav
/home/disk2/SE_data/noisy_for_reconst/roboo_wav_16k_009367.wav
/home/disk2/SE_data/noisy_for_reconst/roboo_wav_16k_009401.wav
/home/disk2/SE_data/noisy_for_reconst/roboo_wav_16k_009409.wav
/home/disk2/SE_data/noisy_for_reconst/roboo_wav_16k_009435.wav
/home/disk2/SE_data/noisy_for_reconst/roboo_wav_16k_009447.wav
/home/disk2/SE_data/noisy_for_reconst/roboo_wav_16k_009473.wav
/home/disk2/SE_data/noisy_for_reconst/roboo_wav_16k_009475.wav
/home/disk2/SE_data/noisy_for_reconst/roboo_wav_16k_009478.wav
/home/disk2/SE_data/noisy_for_reconst/roboo_wav_16k_009493.wav
/home/disk2/SE_data/noisy_for_reconst/roboo_wav_16k_010338.wav
/home/disk2/SE_data/noisy_for_reconst/roboo_wav_16k_010364.wav
/home/disk2/SE_data/noisy_for_reconst/roboo_wav_16k_010382.wav
/home/disk2/SE_data/noisy_for_reconst/roboo_wav_16k_010395.wav
/home/disk2/SE_data/noisy_for_reconst/roboo_wav_16k_010419.wav
/home/disk2/SE_data/noisy_for_reconst/roboo_wav_16k_010437.wav
/home/disk2/SE_data/noisy_for_reconst/roboo_wav_16k_010438.wav
/home/disk2/SE_data/noisy_for_reconst/roboo_wav_16k_010446.wav
/home/disk2/SE_data/noisy_for_reconst/roboo_wav_16k_010465.wav
/home/disk2/SE_data/noisy_for_reconst/roboo_wav_16k_010488.wav
/home/disk2/SE_data/noisy_for_reconst/roboo_wav_16k_011362.wav
/home/disk2/SE_data/noisy_for_reconst/roboo_wav_16k_011390.wav
/home/disk2/SE_data/noisy_for_reconst/roboo_wav_16k_011426.wav
/home/disk2/SE_data/noisy_for_reconst/roboo_wav_16k_011431.wav
/home/disk2/SE_data/noisy_for_reconst/roboo_wav_16k_011462.wav
/home/disk2/SE_data/noisy_for_reconst/roboo_wav_16k_011469.wav
/home/disk2/SE_data/noisy_for_reconst/roboo_wav_16k_012326.wav
/home/disk2/SE_data/noisy_for_reconst/roboo_wav_16k_012357.wav
/home/disk2/SE_data/noisy_for_reconst/roboo_wav_16k_012358.wav
/home/disk2/SE_data/noisy_for_reconst/roboo_wav_16k_012410.wav
/home/disk2/SE_data/noisy_for_reconst/roboo_wav_16k_012466.wav
/home/disk2/SE_data/noisy_for_reconst/roboo_wav_16k_012476.wav
/home/disk2/SE_data/noisy_for_reconst/roboo_wav_16k_012481.wav
/home/disk2/SE_data/noisy_for_reconst/roboo_wav_16k_012488.wav
/home/disk2/SE_data/noisy_for_reconst/roboo_wav_16k_012494.wav
/home/disk2/SE_data/noisy_for_reconst/roboo_wav_16k_013311.wav
/home/disk2/SE_data/noisy_for_reconst/roboo_wav_16k_013325.wav
/home/disk2/SE_data/noisy_for_reconst/roboo_wav_16k_013330.wav
/home/disk2/SE_data/noisy_for_reconst/roboo_wav_16k_013331.wav
/home/disk2/SE_data/noisy_for_reconst/roboo_wav_16k_013335.wav
/home/disk2/SE_data/noisy_for_reconst/roboo_wav_16k_013367.wav
/home/disk2/SE_data/noisy_for_reconst/roboo_wav_16k_013384.wav
/home/disk2/SE_data/noisy_for_reconst/roboo_wav_16k_013390.wav
/home/disk2/SE_data/noisy_for_reconst/roboo_wav_16k_013393.wav
/home/disk2/SE_data/noisy_for_reconst/roboo_wav_16k_013406.wav
/home/disk2/SE_data/noisy_for_reconst/roboo_wav_16k_013494.wav
/home/disk2/SE_data/noisy_for_reconst/roboo_wav_16k_013500.wav
/home/disk2/SE_data/noisy_for_reconst/roboo_wav_16k_014324.wav
/home/disk2/SE_data/noisy_for_reconst/roboo_wav_16k_014349.wav
/home/disk2/SE_data/noisy_for_reconst/roboo_wav_16k_014400.wav
/home/disk2/SE_data/noisy_for_reconst/roboo_wav_16k_014407.wav
/home/disk2/SE_data/noisy_for_reconst/roboo_wav_16k_014416.wav
/home/disk2/SE_data/noisy_for_reconst/roboo_wav_16k_014458.wav
/home/disk2/SE_data/noisy_for_reconst/roboo_wav_16k_014482.wav
/home/disk2/SE_data/noisy_for_reconst/roboo_wav_16k_015333.wav
/home/disk2/SE_data/noisy_for_reconst/roboo_wav_16k_015351.wav
/home/disk2/SE_data/noisy_for_reconst/roboo_wav_16k_015352.wav
/home/disk2/SE_data/noisy_for_reconst/roboo_wav_16k_015378.wav
/home/disk2/SE_data/noisy_for_reconst/roboo_wav_16k_015404.wav
/home/disk2/SE_data/noisy_for_reconst/roboo_wav_16k_015433.wav
/home/disk2/SE_data/noisy_for_reconst/roboo_wav_16k_015445.wav
/home/disk2/SE_data/noisy_for_reconst/roboo_wav_16k_015450.wav
/home/disk2/SE_data/noisy_for_reconst/roboo_wav_16k_016324.wav
/home/disk2/SE_data/noisy_for_reconst/roboo_wav_16k_016337.wav
/home/disk2/SE_data/noisy_for_reconst/roboo_wav_16k_016351.wav
/home/disk2/SE_data/noisy_for_reconst/roboo_wav_16k_016353.wav
/home/disk2/SE_data/noisy_for_reconst/roboo_wav_16k_016395.wav
/home/disk2/SE_data/noisy_for_reconst/roboo_wav_16k_016414.wav
/home/disk2/SE_data/noisy_for_reconst/roboo_wav_16k_016423.wav
/home/disk2/SE_data/noisy_for_reconst/roboo_wav_16k_016456.wav
/home/disk2/SE_data/noisy_for_reconst/roboo_wav_16k_017324.wav
/home/disk2/SE_data/noisy_for_reconst/roboo_wav_16k_017339.wav
/home/disk2/SE_data/noisy_for_reconst/roboo_wav_16k_017395.wav
/home/disk2/SE_data/noisy_for_reconst/roboo_wav_16k_017421.wav
/home/disk2/SE_data/noisy_for_reconst/roboo_wav_16k_017492.wav
/home/disk2/SE_data/noisy_for_reconst/roboo_wav_16k_018314.wav
/home/disk2/SE_data/noisy_for_reconst/roboo_wav_16k_018342.wav
/home/disk2/SE_data/noisy_for_reconst/roboo_wav_16k_018354.wav
/home/disk2/SE_data/noisy_for_reconst/roboo_wav_16k_018370.wav
/home/disk2/SE_data/noisy_for_reconst/roboo_wav_16k_018417.wav
/home/disk2/SE_data/noisy_for_reconst/roboo_wav_16k_018422.wav
/home/disk2/SE_data/noisy_for_reconst/roboo_wav_16k_018427.wav
/home/disk2/SE_data/noisy_for_reconst/roboo_wav_16k_018431.wav
/home/disk2/SE_data/noisy_for_reconst/roboo_wav_16k_018432.wav
/home/disk2/SE_data/noisy_for_reconst/roboo_wav_16k_018435.wav
/home/disk2/SE_data/noisy_for_reconst/roboo_wav_16k_018441.wav
/home/disk2/SE_data/noisy_for_reconst/roboo_wav_16k_018491.wav
/home/disk2/SE_data/noisy_for_reconst/roboo_wav_16k_019349.wav
/home/disk2/SE_data/noisy_for_reconst/roboo_wav_16k_019377.wav
/home/disk2/SE_data/noisy_for_reconst/roboo_wav_16k_019387.wav
/home/disk2/SE_data/noisy_for_reconst/roboo_wav_16k_019406.wav
/home/disk2/SE_data/noisy_for_reconst/roboo_wav_16k_019487.wav
/home/disk2/SE_data/noisy_for_reconst/roboo_wav_16k_019488.wav
/home/disk2/SE_data/noisy_for_reconst/roboo_wav_16k_020307.wav
/home/disk2/SE_data/noisy_for_reconst/roboo_wav_16k_020319.wav
/home/disk2/SE_data/noisy_for_reconst/roboo_wav_16k_020325.wav
/home/disk2/SE_data/noisy_for_reconst/roboo_wav_16k_020338.wav
/home/disk2/SE_data/noisy_for_reconst/roboo_wav_16k_020352.wav
/home/disk2/SE_data/noisy_for_reconst/roboo_wav_16k_020357.wav
/home/disk2/SE_data/noisy_for_reconst/roboo_wav_16k_020359.wav
/home/disk2/SE_data/noisy_for_reconst/roboo_wav_16k_020372.wav
/home/disk2/SE_data/noisy_for_reconst/roboo_wav_16k_020386.wav
/home/disk2/SE_data/noisy_for_reconst/roboo_wav_16k_020391.wav
/home/disk2/SE_data/noisy_for_reconst/roboo_wav_16k_020399.wav
/home/disk2/SE_data/noisy_for_reconst/roboo_wav_16k_020460.wav
/home/disk2/SE_data/noisy_for_reconst/roboo_wav_16k_021312.wav
/home/disk2/SE_data/noisy_for_reconst/roboo_wav_16k_021353.wav
/home/disk2/SE_data/noisy_for_reconst/roboo_wav_16k_021389.wav
/home/disk2/SE_data/noisy_for_reconst/roboo_wav_16k_021423.wav
/home/disk2/SE_data/noisy_for_reconst/roboo_wav_16k_021428.wav
/home/disk2/SE_data/noisy_for_reconst/roboo_wav_16k_021440.wav
/home/disk2/SE_data/noisy_for_reconst/roboo_wav_16k_021467.wav
/home/disk2/SE_data/noisy_for_reconst/roboo_wav_16k_021485.wav
/home/disk2/SE_data/noisy_for_reconst/roboo_wav_16k_021489.wav
/home/disk2/SE_data/noisy_for_reconst/roboo_wav_16k_021493.wav
/home/disk2/SE_data/noisy_for_reconst/roboo_wav_16k_022324.wav
/home/disk2/SE_data/noisy_for_reconst/roboo_wav_16k_022368.wav
/home/disk2/SE_data/noisy_for_reconst/roboo_wav_16k_022419.wav
/home/disk2/SE_data/noisy_for_reconst/roboo_wav_16k_022490.wav
/home/disk2/SE_data/noisy_for_reconst/roboo_wav_16k_022499.wav
/home/disk2/SE_data/noisy_for_reconst/roboo_wav_16k_022500.wav
/home/disk2/SE_data/noisy_for_reconst/roboo_wav_16k_023327.wav
/home/disk2/SE_data/noisy_for_reconst/roboo_wav_16k_023393.wav
/home/disk2/SE_data/noisy_for_reconst/roboo_wav_16k_023433.wav
/home/disk2/SE_data/noisy_for_reconst/roboo_wav_16k_023464.wav
/home/disk2/SE_data/noisy_for_reconst/roboo_wav_16k_023496.wav
/home/disk2/SE_data/noisy_for_reconst/roboo_wav_16k_024310.wav
/home/disk2/SE_data/noisy_for_reconst/roboo_wav_16k_024387.wav
/home/disk2/SE_data/noisy_for_reconst/roboo_wav_16k_024391.wav
/home/disk2/SE_data/noisy_for_reconst/roboo_wav_16k_024393.wav
/home/disk2/SE_data/noisy_for_reconst/roboo_wav_16k_024404.wav
/home/disk2/SE_data/noisy_for_reconst/roboo_wav_16k_024439.wav
/home/disk2/SE_data/noisy_for_reconst/roboo_wav_16k_024487.wav
/home/disk2/SE_data/noisy_for_reconst/roboo_wav_16k_026315.wav
/home/disk2/SE_data/noisy_for_reconst/roboo_wav_16k_026324.wav
/home/disk2/SE_data/noisy_for_reconst/roboo_wav_16k_026399.wav
/home/disk2/SE_data/noisy_for_reconst/roboo_wav_16k_026401.wav
/home/disk2/SE_data/noisy_for_reconst/roboo_wav_16k_026425.wav
/home/disk2/SE_data/noisy_for_reconst/roboo_wav_16k_026439.wav
/home/disk2/SE_data/noisy_for_reconst/roboo_wav_16k_026451.wav
/home/disk2/SE_data/noisy_for_reconst/roboo_wav_16k_026472.wav
/home/disk2/SE_data/noisy_for_reconst/roboo_wav_16k_031316.wav
/home/disk2/SE_data/noisy_for_reconst/roboo_wav_16k_031329.wav
/home/disk2/SE_data/noisy_for_reconst/roboo_wav_16k_031332.wav
/home/disk2/SE_data/noisy_for_reconst/roboo_wav_16k_031339.wav
/home/disk2/SE_data/noisy_for_reconst/roboo_wav_16k_031343.wav
/home/disk2/SE_data/noisy_for_reconst/roboo_wav_16k_031369.wav
/home/disk2/SE_data/noisy_for_reconst/roboo_wav_16k_031375.wav
/home/disk2/SE_data/noisy_for_reconst/roboo_wav_16k_031383.wav
/home/disk2/SE_data/noisy_for_reconst/roboo_wav_16k_031402.wav
/home/disk2/SE_data/noisy_for_reconst/roboo_wav_16k_031414.wav
/home/disk2/SE_data/noisy_for_reconst/roboo_wav_16k_031420.wav
/home/disk2/SE_data/noisy_for_reconst/roboo_wav_16k_031445.wav
/home/disk2/SE_data/noisy_for_reconst/roboo_wav_16k_031457.wav
/home/disk2/SE_data/noisy_for_reconst/roboo_wav_16k_032317.wav
/home/disk2/SE_data/noisy_for_reconst/roboo_wav_16k_032325.wav
/home/disk2/SE_data/noisy_for_reconst/roboo_wav_16k_032337.wav
/home/disk2/SE_data/noisy_for_reconst/roboo_wav_16k_032362.wav
/home/disk2/SE_data/noisy_for_reconst/roboo_wav_16k_032364.wav
/home/disk2/SE_data/noisy_for_reconst/roboo_wav_16k_032390.wav
/home/disk2/SE_data/noisy_for_reconst/roboo_wav_16k_032391.wav
/home/disk2/SE_data/noisy_for_reconst/roboo_wav_16k_032405.wav
/home/disk2/SE_data/noisy_for_reconst/roboo_wav_16k_032413.wav
/home/disk2/SE_data/noisy_for_reconst/roboo_wav_16k_032428.wav
/home/disk2/SE_data/noisy_for_reconst/roboo_wav_16k_032431.wav
/home/disk2/SE_data/noisy_for_reconst/roboo_wav_16k_032448.wav
/home/disk2/SE_data/noisy_for_reconst/roboo_wav_16k_032488.wav
/home/disk2/SE_data/noisy_for_reconst/roboo_wav_16k_033343.wav
/home/disk2/SE_data/noisy_for_reconst/roboo_wav_16k_033348.wav
/home/disk2/SE_data/noisy_for_reconst/roboo_wav_16k_033366.wav
/home/disk2/SE_data/noisy_for_reconst/roboo_wav_16k_033390.wav
/home/disk2/SE_data/noisy_for_reconst/roboo_wav_16k_033396.wav
/home/disk2/SE_data/noisy_for_reconst/roboo_wav_16k_033421.wav
/home/disk2/SE_data/noisy_for_reconst/roboo_wav_16k_033422.wav
/home/disk2/SE_data/noisy_for_reconst/roboo_wav_16k_033430.wav
/home/disk2/SE_data/noisy_for_reconst/roboo_wav_16k_033431.wav
/home/disk2/SE_data/noisy_for_reconst/roboo_wav_16k_033441.wav
/home/disk2/SE_data/noisy_for_reconst/roboo_wav_16k_033447.wav
/home/disk2/SE_data/noisy_for_reconst/roboo_wav_16k_033455.wav
/home/disk2/SE_data/noisy_for_reconst/roboo_wav_16k_033464.wav
/home/disk2/SE_data/noisy_for_reconst/roboo_wav_16k_033471.wav
/home/disk2/SE_data/noisy_for_reconst/roboo_wav_16k_033475.wav
/home/disk2/SE_data/noisy_for_reconst/roboo_wav_16k_033494.wav
/home/disk2/SE_data/noisy_for_reconst/roboo_wav_16k_039336.wav
/home/disk2/SE_data/noisy_for_reconst/roboo_wav_16k_039352.wav
/home/disk2/SE_data/noisy_for_reconst/roboo_wav_16k_039354.wav
/home/disk2/SE_data/noisy_for_reconst/roboo_wav_16k_039394.wav
/home/disk2/SE_data/noisy_for_reconst/roboo_wav_16k_039441.wav
/home/disk2/SE_data/noisy_for_reconst/roboo_wav_16k_039442.wav
/home/disk2/SE_data/noisy_for_reconst/roboo_wav_16k_039445.wav
/home/disk2/SE_data/noisy_for_reconst/roboo_wav_16k_039451.wav
/home/disk2/SE_data/noisy_for_reconst/roboo_wav_16k_039459.wav
/home/disk2/SE_data/noisy_for_reconst/roboo_wav_16k_039463.wav
/home/disk2/SE_data/noisy_for_reconst/roboo_wav_16k_039481.wav
/home/disk2/SE_data/noisy_for_reconst/roboo_wav_16k_039486.wav
/home/disk2/SE_data/noisy_for_reconst/roboo_wav_16k_039497.wav
/home/disk2/SE_data/noisy_for_reconst/speaker000_10011004.wav
/home/disk2/SE_data/noisy_for_reconst/speaker000_10011016.wav
/home/disk2/SE_data/noisy_for_reconst/speaker001_10021019.wav
/home/disk2/SE_data/noisy_for_reconst/speaker001_10021021.wav
/home/disk2/SE_data/noisy_for_reconst/speaker001_10021035.wav
/home/disk2/SE_data/noisy_for_reconst/speaker001_10021039.wav
/home/disk2/SE_data/noisy_for_reconst/speaker002_10031022.wav
/home/disk2/SE_data/noisy_for_reconst/speaker002_10031039.wav
/home/disk2/SE_data/noisy_for_reconst/speaker003_10041018.wav
/home/disk2/SE_data/noisy_for_reconst/speaker003_10041033.wav
/home/disk2/SE_data/noisy_for_reconst/speaker004_10051024.wav
/home/disk2/SE_data/noisy_for_reconst/speaker005_10061002.wav
/home/disk2/SE_data/noisy_for_reconst/speaker005_10061035.wav
/home/disk2/SE_data/noisy_for_reconst/speaker006_10071038.wav
/home/disk2/SE_data/noisy_for_reconst/speaker007_10081003.wav
/home/disk2/SE_data/noisy_for_reconst/speaker007_10081007.wav
/home/disk2/SE_data/noisy_for_reconst/speaker007_10081014.wav
/home/disk2/SE_data/noisy_for_reconst/speaker007_10081026.wav
/home/disk2/SE_data/noisy_for_reconst/speaker008_10091031.wav
/home/disk2/SE_data/noisy_for_reconst/speaker009_10101012.wav
/home/disk2/SE_data/noisy_for_reconst/speaker009_10101030.wav
/home/disk2/SE_data/noisy_for_reconst/speaker010_10111010.wav
/home/disk2/SE_data/noisy_for_reconst/speaker010_10111020.wav
/home/disk2/SE_data/noisy_for_reconst/speaker010_10111030.wav
/home/disk2/SE_data/noisy_for_reconst/speaker011_10121004.wav
/home/disk2/SE_data/noisy_for_reconst/speaker011_10121019.wav
/home/disk2/SE_data/noisy_for_reconst/speaker011_10121026.wav
/home/disk2/SE_data/noisy_for_reconst/speaker012_10131001.wav
/home/disk2/SE_data/noisy_for_reconst/speaker012_10131003.wav
/home/disk2/SE_data/noisy_for_reconst/speaker012_10131005.wav
/home/disk2/SE_data/noisy_for_reconst/speaker012_10131010.wav
/home/disk2/SE_data/noisy_for_reconst/speaker013_10141001.wav
/home/disk2/SE_data/noisy_for_reconst/speaker013_10141015.wav
/home/disk2/SE_data/noisy_for_reconst/speaker013_10141037.wav
/home/disk2/SE_data/noisy_for_reconst/speaker014_10151030.wav
/home/disk2/SE_data/noisy_for_reconst/speaker015_10161018.wav
/home/disk2/SE_data/noisy_for_reconst/speaker016_10171038.wav
/home/disk2/SE_data/noisy_for_reconst/speaker017_10181029.wav
/home/disk2/SE_data/noisy_for_reconst/speaker017_10181033.wav
/home/disk2/SE_data/noisy_for_reconst/speaker017_10181037.wav
/home/disk2/SE_data/noisy_for_reconst/speaker018_10191011.wav
/home/disk2/SE_data/noisy_for_reconst/speaker019_10201040.wav
/home/disk2/SE_data/noisy_for_reconst/speaker020_10211001.wav
/home/disk2/SE_data/noisy_for_reconst/speaker020_10211040.wav
/home/disk2/SE_data/noisy_for_reconst/speaker021_10221036.wav
/home/disk2/SE_data/noisy_for_reconst/speaker022_10231040.wav
/home/disk2/SE_data/noisy_for_reconst/speaker023_10241007.wav
/home/disk2/SE_data/noisy_for_reconst/speaker023_10241014.wav
/home/disk2/SE_data/noisy_for_reconst/speaker024_10251031.wav
/home/disk2/SE_data/noisy_for_reconst/speaker025_10261017.wav
/home/disk2/SE_data/noisy_for_reconst/speaker025_10261018.wav
/home/disk2/SE_data/noisy_for_reconst/speaker025_10261023.wav
/home/disk2/SE_data/noisy_for_reconst/speaker026_10271006.wav
/home/disk2/SE_data/noisy_for_reconst/speaker027_10281035.wav
/home/disk2/SE_data/noisy_for_reconst/speaker028_10291017.wav
/home/disk2/SE_data/noisy_for_reconst/speaker029_10301022.wav
/home/disk2/SE_data/noisy_for_reconst/speaker029_10301038.wav
/home/disk2/SE_data/noisy_for_reconst/speaker031_10321009.wav
/home/disk2/SE_data/noisy_for_reconst/speaker031_10321015.wav
/home/disk2/SE_data/noisy_for_reconst/speaker031_10321030.wav
/home/disk2/SE_data/noisy_for_reconst/speaker033_10341016.wav
/home/disk2/SE_data/noisy_for_reconst/speaker033_10341023.wav
/home/disk2/SE_data/noisy_for_reconst/speaker034_10351028.wav
/home/disk2/SE_data/noisy_for_reconst/speaker035_10361011.wav
/home/disk2/SE_data/noisy_for_reconst/speaker037_10381014.wav
/home/disk2/SE_data/noisy_for_reconst/speaker038_10391016.wav
/home/disk2/SE_data/noisy_for_reconst/speaker038_10391020.wav
/home/disk2/SE_data/noisy_for_reconst/speaker038_10391035.wav
/home/disk2/SE_data/noisy_for_reconst/speaker039_10401018.wav
/home/disk2/SE_data/noisy_for_reconst/speaker039_10401029.wav
/home/disk2/SE_data/noisy_for_reconst/speaker039_10401032.wav
/home/disk2/SE_data/noisy_for_reconst/speaker040_10411012.wav
/home/disk2/SE_data/noisy_for_reconst/speaker040_10411018.wav
/home/disk2/SE_data/noisy_for_reconst/speaker041_10421007.wav
/home/disk2/SE_data/noisy_for_reconst/speaker041_10421021.wav
/home/disk2/SE_data/noisy_for_reconst/speaker041_10421030.wav
/home/disk2/SE_data/noisy_for_reconst/speaker042_10431001.wav
/home/disk2/SE_data/noisy_for_reconst/speaker042_10431006.wav
/home/disk2/SE_data/noisy_for_reconst/speaker043_10441001.wav
/home/disk2/SE_data/noisy_for_reconst/speaker044_10451011.wav
/home/disk2/SE_data/noisy_for_reconst/speaker044_10451014.wav
/home/disk2/SE_data/noisy_for_reconst/speaker045_10461015.wav
/home/disk2/SE_data/noisy_for_reconst/speaker045_10461030.wav
/home/disk2/SE_data/noisy_for_reconst/speaker046_10471001.wav
/home/disk2/SE_data/noisy_for_reconst/speaker046_10471002.wav
/home/disk2/SE_data/noisy_for_reconst/speaker046_10471008.wav
/home/disk2/SE_data/noisy_for_reconst/speaker046_10471019.wav
/home/disk2/SE_data/noisy_for_reconst/speaker047_10481036.wav
/home/disk2/SE_data/noisy_for_reconst/speaker048_10491022.wav
/home/disk2/SE_data/noisy_for_reconst/speaker048_10491025.wav
/home/disk2/SE_data/noisy_for_reconst/speaker048_10491034.wav
/home/disk2/SE_data/noisy_for_reconst/speaker048_10491035.wav
/home/disk2/SE_data/noisy_for_reconst/speaker049_10501027.wav
/home/disk2/SE_data/noisy_for_reconst/speaker050_10511002.wav
/home/disk2/SE_data/noisy_for_reconst/speaker050_10511013.wav
/home/disk2/SE_data/noisy_for_reconst/speaker050_10511031.wav
/home/disk2/SE_data/noisy_for_reconst/speaker050_10511039.wav
/home/disk2/SE_data/noisy_for_reconst/speaker051_10521033.wav
/home/disk2/SE_data/noisy_for_reconst/speaker052_10531010.wav
/home/disk2/SE_data/noisy_for_reconst/speaker052_10531011.wav
/home/disk2/SE_data/noisy_for_reconst/speaker053_10541007.wav
/home/disk2/SE_data/noisy_for_reconst/speaker053_10541013.wav
/home/disk2/SE_data/noisy_for_reconst/speaker053_10541024.wav
/home/disk2/SE_data/noisy_for_reconst/speaker053_10541038.wav
/home/disk2/SE_data/noisy_for_reconst/speaker054_10551019.wav
/home/disk2/SE_data/noisy_for_reconst/speaker054_10551022.wav
/home/disk2/SE_data/noisy_for_reconst/speaker054_10551036.wav
/home/disk2/SE_data/noisy_for_reconst/speaker055_10561017.wav
/home/disk2/SE_data/noisy_for_reconst/speaker056_10571008.wav
/home/disk2/SE_data/noisy_for_reconst/speaker056_10571009.wav
/home/disk2/SE_data/noisy_for_reconst/speaker057_10581024.wav
/home/disk2/SE_data/noisy_for_reconst/speaker058_10591006.wav
/home/disk2/SE_data/noisy_for_reconst/speaker058_10591011.wav
/home/disk2/SE_data/noisy_for_reconst/speaker058_10591018.wav
/home/disk2/SE_data/noisy_for_reconst/speaker058_10591020.wav
/home/disk2/SE_data/noisy_for_reconst/speaker059_10601001.wav
/home/disk2/SE_data/noisy_for_reconst/speaker059_10601004.wav
/home/disk2/SE_data/noisy_for_reconst/speaker059_10601026.wav
/home/disk2/SE_data/noisy_for_reconst/speaker059_10601029.wav
/home/disk2/SE_data/noisy_for_reconst/speaker059_10601039.wav
/home/disk2/SE_data/noisy_for_reconst/speaker059_10601040.wav
/home/disk2/SE_data/noisy_for_reconst/speaker060_10611003.wav
/home/disk2/SE_data/noisy_for_reconst/speaker061_10601031.wav
/home/disk2/SE_data/noisy_for_reconst/speaker061_10621005.wav
/home/disk2/SE_data/noisy_for_reconst/speaker063_10641021.wav
/home/disk2/SE_data/noisy_for_reconst/speaker063_10641035.wav
/home/disk2/SE_data/noisy_for_reconst/speaker064_10651002.wav
/home/disk2/SE_data/noisy_for_reconst/speaker064_10651011.wav
/home/disk2/SE_data/noisy_for_reconst/speaker064_10651030.wav
/home/disk2/SE_data/noisy_for_reconst/speaker064_10651031.wav
/home/disk2/SE_data/noisy_for_reconst/speaker065_10661018.wav
/home/disk2/SE_data/noisy_for_reconst/speaker066_10671003.wav
/home/disk2/SE_data/noisy_for_reconst/speaker066_10671004.wav
/home/disk2/SE_data/noisy_for_reconst/speaker067_10681023.wav
/home/disk2/SE_data/noisy_for_reconst/speaker067_10681025.wav
/home/disk2/SE_data/noisy_for_reconst/speaker067_10681032.wav
/home/disk2/SE_data/noisy_for_reconst/speaker067_10681038.wav
/home/disk2/SE_data/noisy_for_reconst/speaker067_10681040.wav
/home/disk2/SE_data/noisy_for_reconst/speaker068_10691006.wav
/home/disk2/SE_data/noisy_for_reconst/speaker068_10691026.wav
/home/disk2/SE_data/noisy_for_reconst/speaker069_10701002.wav
/home/disk2/SE_data/noisy_for_reconst/speaker069_10701009.wav
/home/disk2/SE_data/noisy_for_reconst/speaker069_10701016.wav
/home/disk2/SE_data/noisy_for_reconst/speaker069_10701025.wav
/home/disk2/SE_data/noisy_for_reconst/speaker070_10711012.wav
/home/disk2/SE_data/noisy_for_reconst/speaker070_10711015.wav
/home/disk2/SE_data/noisy_for_reconst/speaker070_10711032.wav
/home/disk2/SE_data/noisy_for_reconst/speaker071_10721003.wav
/home/disk2/SE_data/noisy_for_reconst/speaker071_10721033.wav
/home/disk2/SE_data/noisy_for_reconst/speaker072_10731002.wav
/home/disk2/SE_data/noisy_for_reconst/speaker072_10731006.wav
/home/disk2/SE_data/noisy_for_reconst/speaker072_10731028.wav
/home/disk2/SE_data/noisy_for_reconst/speaker073_10741017.wav
/home/disk2/SE_data/noisy_for_reconst/speaker073_10741028.wav
/home/disk2/SE_data/noisy_for_reconst/speaker074_10751011.wav
/home/disk2/SE_data/noisy_for_reconst/speaker075_10761015.wav
/home/disk2/SE_data/noisy_for_reconst/speaker075_10761037.wav
/home/disk2/SE_data/noisy_for_reconst/speaker077_10781009.wav
/home/disk2/SE_data/noisy_for_reconst/speaker077_10781010.wav
/home/disk2/SE_data/noisy_for_reconst/speaker078_10791037.wav
/home/disk2/SE_data/noisy_for_reconst/speaker079_10801020.wav
/home/disk2/SE_data/noisy_for_reconst/speaker080_10811003.wav
/home/disk2/SE_data/noisy_for_reconst/speaker080_10811007.wav
/home/disk2/SE_data/noisy_for_reconst/speaker082_10831005.wav
/home/disk2/SE_data/noisy_for_reconst/speaker082_10831011.wav
/home/disk2/SE_data/noisy_for_reconst/speaker082_10831012.wav
/home/disk2/SE_data/noisy_for_reconst/speaker082_10831014.wav
/home/disk2/SE_data/noisy_for_reconst/speaker082_10831023.wav
/home/disk2/SE_data/noisy_for_reconst/speaker083_10841005.wav
/home/disk2/SE_data/noisy_for_reconst/speaker083_10841008.wav
/home/disk2/SE_data/noisy_for_reconst/speaker083_10841020.wav
/home/disk2/SE_data/noisy_for_reconst/speaker084_10851039.wav
/home/disk2/SE_data/noisy_for_reconst/speaker085_10861007.wav
/home/disk2/SE_data/noisy_for_reconst/speaker085_10861012.wav
/home/disk2/SE_data/noisy_for_reconst/speaker086_10871001.wav
/home/disk2/SE_data/noisy_for_reconst/speaker086_10871004.wav
/home/disk2/SE_data/noisy_for_reconst/speaker086_10871010.wav
/home/disk2/SE_data/noisy_for_reconst/speaker086_10871032.wav
/home/disk2/SE_data/noisy_for_reconst/speaker087_10881010.wav
/home/disk2/SE_data/noisy_for_reconst/speaker087_10881027.wav
/home/disk2/SE_data/noisy_for_reconst/speaker087_10881031.wav
/home/disk2/SE_data/noisy_for_reconst/speaker088_10891016.wav
/home/disk2/SE_data/noisy_for_reconst/speaker088_10891030.wav
/home/disk2/SE_data/noisy_for_reconst/speaker089_10901028.wav
/home/disk2/SE_data/noisy_for_reconst/speaker089_10901034.wav
/home/disk2/SE_data/noisy_for_reconst/speaker090_10911011.wav
/home/disk2/SE_data/noisy_for_reconst/speaker090_10911040.wav
/home/disk2/SE_data/noisy_for_reconst/speaker091_10921011.wav
/home/disk2/SE_data/noisy_for_reconst/speaker091_10921037.wav
/home/disk2/SE_data/noisy_for_reconst/speaker092_10931017.wav
/home/disk2/SE_data/noisy_for_reconst/speaker092_10931023.wav
/home/disk2/SE_data/noisy_for_reconst/speaker092_10931028.wav
/home/disk2/SE_data/noisy_for_reconst/speaker092_10931039.wav
/home/disk2/SE_data/noisy_for_reconst/speaker093_10941016.wav
/home/disk2/SE_data/noisy_for_reconst/speaker093_10941030.wav
/home/disk2/SE_data/noisy_for_reconst/speaker093_10941033.wav
/home/disk2/SE_data/noisy_for_reconst/speaker093_10941039.wav
/home/disk2/SE_data/noisy_for_reconst/speaker095_10961006.wav
/home/disk2/SE_data/noisy_for_reconst/speaker095_10961013.wav
/home/disk2/SE_data/noisy_for_reconst/speaker095_10961029.wav
/home/disk2/SE_data/noisy_for_reconst/speaker095_10961030.wav
/home/disk2/SE_data/noisy_for_reconst/speaker096_10971007.wav
/home/disk2/SE_data/noisy_for_reconst/speaker097_10981008.wav
/home/disk2/SE_data/noisy_for_reconst/speaker097_10981021.wav
/home/disk2/SE_data/noisy_for_reconst/speaker098_10991038.wav
/home/disk2/SE_data/noisy_for_reconst/speaker098_10991039.wav
/home/disk2/SE_data/noisy_for_reconst/speaker099_11001036.wav
/home/disk2/SE_data/noisy_for_reconst/speaker099_11001039.wav
/home/disk2/SE_data/noisy_for_reconst/speaker100_11011015.wav
/home/disk2/SE_data/noisy_for_reconst/speaker102_11031003.wav
/home/disk2/SE_data/noisy_for_reconst/speaker102_11031008.wav
/home/disk2/SE_data/noisy_for_reconst/speaker102_11031024.wav
/home/disk2/SE_data/noisy_for_reconst/speaker102_11031034.wav
/home/disk2/SE_data/noisy_for_reconst/speaker103_11041012.wav
/home/disk2/SE_data/noisy_for_reconst/speaker103_11041037.wav
/home/disk2/SE_data/noisy_for_reconst/speaker104_11051006.wav
/home/disk2/SE_data/noisy_for_reconst/speaker104_11051034.wav
/home/disk2/SE_data/noisy_for_reconst/speaker105_11061004.wav
/home/disk2/SE_data/noisy_for_reconst/speaker105_11061019.wav
/home/disk2/SE_data/noisy_for_reconst/speaker106_11071007.wav
/home/disk2/SE_data/noisy_for_reconst/speaker106_11071019.wav
/home/disk2/SE_data/noisy_for_reconst/speaker106_11071038.wav
/home/disk2/SE_data/noisy_for_reconst/speaker107_11081007.wav
/home/disk2/SE_data/noisy_for_reconst/speaker108_11091023.wav
/home/disk2/SE_data/noisy_for_reconst/speaker109_11101038.wav
/home/disk2/SE_data/noisy_for_reconst/speaker111_11121019.wav
/home/disk2/SE_data/noisy_for_reconst/speaker111_11121025.wav
/home/disk2/SE_data/noisy_for_reconst/speaker113_11141006.wav
/home/disk2/SE_data/noisy_for_reconst/speaker113_11141016.wav
/home/disk2/SE_data/noisy_for_reconst/speaker113_11141021.wav
/home/disk2/SE_data/noisy_for_reconst/speaker114_11151011.wav
/home/disk2/SE_data/noisy_for_reconst/speaker114_11151018.wav
/home/disk2/SE_data/noisy_for_reconst/speaker114_11151035.wav
/home/disk2/SE_data/noisy_for_reconst/speaker115_11161006.wav
/home/disk2/SE_data/noisy_for_reconst/speaker116_11171004.wav
/home/disk2/SE_data/noisy_for_reconst/speaker117_11181029.wav
/home/disk2/SE_data/noisy_for_reconst/speaker118_11191013.wav
/home/disk2/SE_data/noisy_for_reconst/speaker118_11191016.wav
/home/disk2/SE_data/noisy_for_reconst/speaker119_11201002.wav
/home/disk2/SE_data/noisy_for_reconst/speaker119_11201003.wav
/home/disk2/SE_data/noisy_for_reconst/speaker119_11201029.wav
/home/disk2/SE_data/noisy_for_reconst/speaker119_11201035.wav
/home/disk2/SE_data/noisy_for_reconst/speaker119_11201040.wav
/home/disk2/SE_data/noisy_for_reconst/speaker121_11221007.wav
/home/disk2/SE_data/noisy_for_reconst/speaker121_11221014.wav
/home/disk2/SE_data/noisy_for_reconst/speaker121_11221025.wav
/home/disk2/SE_data/noisy_for_reconst/speaker121_11221028.wav
/home/disk2/SE_data/noisy_for_reconst/speaker122_11231004.wav
/home/disk2/SE_data/noisy_for_reconst/speaker122_11231011.wav
/home/disk2/SE_data/noisy_for_reconst/speaker122_11231035.wav
/home/disk2/SE_data/noisy_for_reconst/speaker123_11241005.wav
/home/disk2/SE_data/noisy_for_reconst/speaker123_11241030.wav
/home/disk2/SE_data/noisy_for_reconst/speaker125_11261032.wav
/home/disk2/SE_data/noisy_for_reconst/speaker126_11271016.wav
/home/disk2/SE_data/noisy_for_reconst/speaker127_11281039.wav
/home/disk2/SE_data/noisy_for_reconst/speaker129_11301035.wav
/home/disk2/SE_data/noisy_for_reconst/speaker130_11311026.wav
/home/disk2/SE_data/noisy_for_reconst/speaker130_11311033.wav
/home/disk2/SE_data/noisy_for_reconst/speaker131_11321001.wav
/home/disk2/SE_data/noisy_for_reconst/speaker131_11321020.wav
/home/disk2/SE_data/noisy_for_reconst/speaker131_11321021.wav
/home/disk2/SE_data/noisy_for_reconst/speaker131_11321023.wav
/home/disk2/SE_data/noisy_for_reconst/speaker132_11331032.wav
/home/disk2/SE_data/noisy_for_reconst/speaker133_11341016.wav
/home/disk2/SE_data/noisy_for_reconst/speaker133_11341019.wav
/home/disk2/SE_data/noisy_for_reconst/speaker133_11341021.wav
/home/disk2/SE_data/noisy_for_reconst/speaker133_11341025.wav
/home/disk2/SE_data/noisy_for_reconst/speaker133_11341031.wav
/home/disk2/SE_data/noisy_for_reconst/speaker133_11341040.wav
/home/disk2/SE_data/noisy_for_reconst/speaker134_11351008.wav
/home/disk2/SE_data/noisy_for_reconst/speaker135_11361023.wav
/home/disk2/SE_data/noisy_for_reconst/speaker136_11371013.wav
/home/disk2/SE_data/noisy_for_reconst/speaker136_11371019.wav
/home/disk2/SE_data/noisy_for_reconst/speaker136_11371026.wav
/home/disk2/SE_data/noisy_for_reconst/speaker137_11381008.wav
/home/disk2/SE_data/noisy_for_reconst/speaker137_11381016.wav
/home/disk2/SE_data/noisy_for_reconst/speaker137_11381029.wav
/home/disk2/SE_data/noisy_for_reconst/speaker138_11391006.wav
/home/disk2/SE_data/noisy_for_reconst/speaker138_11391034.wav
/home/disk2/SE_data/noisy_for_reconst/speaker139_11401007.wav
/home/disk2/SE_data/noisy_for_reconst/speaker139_11401008.wav
/home/disk2/SE_data/noisy_for_reconst/speaker139_11401014.wav
/home/disk2/SE_data/noisy_for_reconst/speaker139_11401028.wav
/home/disk2/SE_data/noisy_for_reconst/speaker139_11401035.wav
/home/disk2/SE_data/noisy_for_reconst/speaker140_11411027.wav
/home/disk2/SE_data/noisy_for_reconst/speaker140_11411034.wav
/home/disk2/SE_data/noisy_for_reconst/speaker140_11411039.wav
/home/disk2/SE_data/noisy_for_reconst/speaker141_11421028.wav
/home/disk2/SE_data/noisy_for_reconst/speaker141_11421035.wav
/home/disk2/SE_data/noisy_for_reconst/speaker142_11431027.wav
/home/disk2/SE_data/noisy_for_reconst/speaker143_11441013.wav
/home/disk2/SE_data/noisy_for_reconst/speaker143_11441028.wav
/home/disk2/SE_data/noisy_for_reconst/speaker145_11461034.wav
/home/disk2/SE_data/noisy_for_reconst/speaker146_11471010.wav
/home/disk2/SE_data/noisy_for_reconst/speaker146_11471016.wav
/home/disk2/SE_data/noisy_for_reconst/speaker146_11471028.wav
/home/disk2/SE_data/noisy_for_reconst/speaker146_11471032.wav
/home/disk2/SE_data/noisy_for_reconst/speaker147_11481007.wav
/home/disk2/SE_data/noisy_for_reconst/speaker147_11481025.wav
/home/disk2/SE_data/noisy_for_reconst/speaker147_11481029.wav
/home/disk2/SE_data/noisy_for_reconst/speaker148_11491030.wav
/home/disk2/SE_data/noisy_for_reconst/speaker149_11501023.wav
/home/disk2/SE_data/noisy_for_reconst/speaker149_11501030.wav
/home/disk2/SE_data/noisy_for_reconst/speaker150_11511038.wav
/home/disk2/SE_data/noisy_for_reconst/speaker151_11521011.wav
/home/disk2/SE_data/noisy_for_reconst/speaker152_11531009.wav
/home/disk2/SE_data/noisy_for_reconst/speaker153_11541032.wav
/home/disk2/SE_data/noisy_for_reconst/speaker153_11541034.wav
/home/disk2/SE_data/noisy_for_reconst/speaker154_11551036.wav
/home/disk2/SE_data/noisy_for_reconst/speaker155_11561003.wav
/home/disk2/SE_data/noisy_for_reconst/speaker155_11561005.wav
/home/disk2/SE_data/noisy_for_reconst/speaker155_11561040.wav
/home/disk2/SE_data/noisy_for_reconst/speaker156_11571015.wav
/home/disk2/SE_data/noisy_for_reconst/speaker157_11581006.wav
/home/disk2/SE_data/noisy_for_reconst/speaker157_11581021.wav
/home/disk2/SE_data/noisy_for_reconst/speaker157_11581027.wav
/home/disk2/SE_data/noisy_for_reconst/speaker157_11581038.wav
/home/disk2/SE_data/noisy_for_reconst/speaker158_11591026.wav
/home/disk2/SE_data/noisy_for_reconst/speaker159_11601005.wav
/home/disk2/SE_data/noisy_for_reconst/speaker160_11611003.wav
/home/disk2/SE_data/noisy_for_reconst/speaker160_11611006.wav
/home/disk2/SE_data/noisy_for_reconst/speaker160_11611009.wav
/home/disk2/SE_data/noisy_for_reconst/speaker160_11611019.wav
/home/disk2/SE_data/noisy_for_reconst/speaker160_11611033.wav
/home/disk2/SE_data/noisy_for_reconst/speaker161_11621014.wav
/home/disk2/SE_data/noisy_for_reconst/speaker161_11621016.wav
/home/disk2/SE_data/noisy_for_reconst/speaker162_11631016.wav
/home/disk2/SE_data/noisy_for_reconst/speaker163_11641007.wav
/home/disk2/SE_data/noisy_for_reconst/speaker163_11641012.wav
/home/disk2/SE_data/noisy_for_reconst/speaker163_11641032.wav
/home/disk2/SE_data/noisy_for_reconst/speaker163_11641034.wav
/home/disk2/SE_data/noisy_for_reconst/speaker164_11651002.wav
/home/disk2/SE_data/noisy_for_reconst/speaker164_11651018.wav
/home/disk2/SE_data/noisy_for_reconst/speaker164_11651040.wav
/home/disk2/SE_data/noisy_for_reconst/speaker165_11661018.wav
/home/disk2/SE_data/noisy_for_reconst/speaker166_11671031.wav
/home/disk2/SE_data/noisy_for_reconst/speaker167_11681015.wav
/home/disk2/SE_data/noisy_for_reconst/speaker167_11681037.wav
/home/disk2/SE_data/noisy_for_reconst/speaker168_11691004.wav
/home/disk2/SE_data/noisy_for_reconst/speaker168_11691020.wav
/home/disk2/SE_data/noisy_for_reconst/speaker168_11691031.wav
/home/disk2/SE_data/noisy_for_reconst/speaker169_11701039.wav
/home/disk2/SE_data/noisy_for_reconst/speaker170_11711008.wav
/home/disk2/SE_data/noisy_for_reconst/speaker171_11721006.wav
/home/disk2/SE_data/noisy_for_reconst/speaker171_11721010.wav
/home/disk2/SE_data/noisy_for_reconst/speaker171_11721014.wav
/home/disk2/SE_data/noisy_for_reconst/speaker171_11721018.wav
/home/disk2/SE_data/noisy_for_reconst/speaker171_11721024.wav
/home/disk2/SE_data/noisy_for_reconst/speaker173_11741033.wav
/home/disk2/SE_data/noisy_for_reconst/speaker174_11751008.wav
/home/disk2/SE_data/noisy_for_reconst/speaker175_11761002.wav
/home/disk2/SE_data/noisy_for_reconst/speaker175_11761019.wav
/home/disk2/SE_data/noisy_for_reconst/speaker176_11771006.wav
/home/disk2/SE_data/noisy_for_reconst/speaker176_11771014.wav
/home/disk2/SE_data/noisy_for_reconst/speaker176_11771015.wav
/home/disk2/SE_data/noisy_for_reconst/speaker176_11771031.wav
/home/disk2/SE_data/noisy_for_reconst/speaker176_11771038.wav
/home/disk2/SE_data/noisy_for_reconst/speaker177_11781006.wav
/home/disk2/SE_data/noisy_for_reconst/speaker177_11781013.wav
/home/disk2/SE_data/noisy_for_reconst/speaker177_11781019.wav
/home/disk2/SE_data/noisy_for_reconst/speaker177_11781030.wav
/home/disk2/SE_data/noisy_for_reconst/speaker179_11801019.wav
/home/disk2/SE_data/noisy_for_reconst/speaker179_11801022.wav
/home/disk2/SE_data/noisy_for_reconst/speaker179_11801035.wav
/home/disk2/SE_data/noisy_for_reconst/speaker180_11811028.wav
/home/disk2/SE_data/noisy_for_reconst/speaker180_11811038.wav
/home/disk2/SE_data/noisy_for_reconst/speaker181_11821006.wav
/home/disk2/SE_data/noisy_for_reconst/speaker181_11821007.wav
/home/disk2/SE_data/noisy_for_reconst/speaker181_11821012.wav
/home/disk2/SE_data/noisy_for_reconst/speaker181_11821015.wav
/home/disk2/SE_data/noisy_for_reconst/speaker181_11821024.wav
/home/disk2/SE_data/noisy_for_reconst/speaker181_11821028.wav
/home/disk2/SE_data/noisy_for_reconst/speaker182_11831003.wav
/home/disk2/SE_data/noisy_for_reconst/speaker182_11831018.wav
/home/disk2/SE_data/noisy_for_reconst/speaker182_11831028.wav
/home/disk2/SE_data/noisy_for_reconst/speaker183_11841013.wav
/home/disk2/SE_data/noisy_for_reconst/speaker183_11841029.wav
/home/disk2/SE_data/noisy_for_reconst/speaker184_11851027.wav
/home/disk2/SE_data/noisy_for_reconst/speaker184_11851038.wav
/home/disk2/SE_data/noisy_for_reconst/speaker185_11861027.wav
/home/disk2/SE_data/noisy_for_reconst/speaker185_11861033.wav
/home/disk2/SE_data/noisy_for_reconst/speaker185_11861039.wav
/home/disk2/SE_data/noisy_for_reconst/speaker185_11861040.wav
/home/disk2/SE_data/noisy_for_reconst/speaker186_11871018.wav
/home/disk2/SE_data/noisy_for_reconst/speaker186_11871031.wav
/home/disk2/SE_data/noisy_for_reconst/speaker186_11871039.wav
/home/disk2/SE_data/noisy_for_reconst/speaker187_11881027.wav
/home/disk2/SE_data/noisy_for_reconst/speaker188_11891004.wav
/home/disk2/SE_data/noisy_for_reconst/speaker190_11911022.wav
/home/disk2/SE_data/noisy_for_reconst/speaker191_11921019.wav
/home/disk2/SE_data/noisy_for_reconst/speaker192_11931001.wav
/home/disk2/SE_data/noisy_for_reconst/speaker192_11931011.wav
/home/disk2/SE_data/noisy_for_reconst/speaker193_11941023.wav
/home/disk2/SE_data/noisy_for_reconst/speaker194_11951004.wav
/home/disk2/SE_data/noisy_for_reconst/speaker194_11951018.wav
/home/disk2/SE_data/noisy_for_reconst/speaker194_11951022.wav
/home/disk2/SE_data/noisy_for_reconst/speaker194_11951026.wav
/home/disk2/SE_data/noisy_for_reconst/speaker195_11961014.wav
/home/disk2/SE_data/noisy_for_reconst/speaker196_11971008.wav
/home/disk2/SE_data/noisy_for_reconst/speaker196_11971022.wav
/home/disk2/SE_data/noisy_for_reconst/speaker196_11971023.wav
/home/disk2/SE_data/noisy_for_reconst/speaker196_11971029.wav
/home/disk2/SE_data/noisy_for_reconst/speaker196_11971031.wav
/home/disk2/SE_data/noisy_for_reconst/speaker198_11991023.wav
/home/disk2/SE_data/noisy_for_reconst/speaker198_11991025.wav
/home/disk2/SE_data/noisy_for_reconst/speaker198_11991026.wav
/home/disk2/SE_data/noisy_for_reconst/speaker199_12001037.wav
/home/disk2/SE_data/noisy_for_reconst/wav_200_0004.wav
/home/disk2/SE_data/noisy_for_reconst/wav_200_0005.wav
/home/disk2/SE_data/noisy_for_reconst/wav_200_0038.wav
/home/disk2/SE_data/noisy_for_reconst/wav_200_0041.wav
/home/disk2/SE_data/noisy_for_reconst/wav_200_0134.wav
/home/disk2/SE_data/noisy_for_reconst/wav_200_0199.wav
/home/disk2/SE_data/noisy_for_reconst/wav2_200_00019.wav
/home/disk2/SE_data/noisy_for_reconst/wav2_200_00026.wav
/home/disk2/SE_data/noisy_for_reconst/wav2_200_00084.wav
/home/disk2/SE_data/noisy_for_reconst/wav2_200_00093.wav
/home/disk2/SE_data/noisy_for_reconst/wav2_200_00110.wav
/home/disk2/SE_data/noisy_for_reconst/wav2_200_00119.wav
/home/disk2/SE_data/noisy_for_reconst/wav2_200_00122.wav
/home/disk2/SE_data/noisy_for_reconst/wav2_200_00145.wav
/home/disk2/SE_data/noisy_for_reconst/wav2_200_00151.wav
/home/disk2/SE_data/noisy_for_reconst/wav2_200_00160.wav
/home/disk2/SE_data/noisy_for_reconst/wav2_200_00162.wav
/home/disk2/SE_data/noisy_for_reconst/wav2_200_00178.wav
/home/disk2/SE_data/noisy_for_reconst/wav2_200_00198.wav
/home/disk2/SE_data/noisy_for_reconst/wav3_200_000014.wav
/home/disk2/SE_data/noisy_for_reconst/wav3_200_000024.wav
/home/disk2/SE_data/noisy_for_reconst/wav3_200_000068.wav
/home/disk2/SE_data/noisy_for_reconst/wav3_200_000082.wav
/home/disk2/SE_data/noisy_for_reconst/wav3_200_000089.wav
/home/disk2/SE_data/noisy_for_reconst/wav3_200_000096.wav
/home/disk2/SE_data/noisy_for_reconst/wav3_200_000118.wav
/home/disk2/SE_data/noisy_for_reconst/wav3_200_000120.wav
/home/disk2/SE_data/noisy_for_reconst/wav3_200_000140.wav
/home/disk2/SE_data/noisy_for_reconst/wav3_200_000141.wav
/home/disk2/SE_data/noisy_for_reconst/wav3_200_000159.wav
/home/disk2/SE_data/noisy_for_reconst/wav3_200_000160.wav
/home/disk2/SE_data/noisy_for_reconst/wav3_200_000178.wav
/home/disk2/SE_data/noisy_for_reconst/wav4_200_16k_100013.wav
/home/disk2/SE_data/noisy_for_reconst/wav4_200_16k_100043.wav
/home/disk2/SE_data/noisy_for_reconst/wav4_200_16k_100064.wav
/home/disk2/SE_data/noisy_for_reconst/wav4_200_16k_100089.wav
/home/disk2/SE_data/noisy_for_reconst/wav4_200_16k_100129.wav
/home/disk2/SE_data/noisy_for_reconst/wav4_200_16k_100198.wav
/home/disk2/SE_data/noisy_for_reconst/wav5_200_16k_107080.wav
/home/disk2/SE_data/noisy_for_reconst/wav5_200_16k_107089.wav
/home/disk2/SE_data/noisy_for_reconst/wav5_200_16k_107108.wav
/home/disk2/SE_data/noisy_for_reconst/wav5_200_16k_107115.wav
/home/disk2/SE_data/noisy_for_reconst/wav5_200_16k_107120.wav
/home/disk2/SE_data/noisy_for_reconst/wav5_200_16k_107123.wav
/home/disk2/SE_data/noisy_for_reconst/wav5_200_16k_107151.wav
/home/disk2/SE_data/noisy_for_reconst/wav5_200_16k_107183.wav
/home/disk2/SE_data/noisy_for_reconst/wav6_200_100023.wav
/home/disk2/SE_data/noisy_for_reconst/wav6_200_100048.wav
/home/disk2/SE_data/noisy_for_reconst/wav6_200_100055.wav
/home/disk2/SE_data/noisy_for_reconst/wav6_200_100086.wav
/home/disk2/SE_data/noisy_for_reconst/wav6_200_100095.wav
/home/disk2/SE_data/noisy_for_reconst/wav6_200_100114.wav
/home/disk2/SE_data/noisy_for_reconst/wav6_200_100158.wav
/home/disk2/SE_data/noisy_for_reconst/wav6_200_100166.wav
/home/disk2/SE_data/noisy_for_reconst/wav6_200_100169.wav
/home/disk2/SE_data/noisy_for_reconst/wav6_200_100177.wav
/home/disk2/SE_data/noisy_for_reconst/wav7_200_aslp_zhy_00002.wav
/home/disk2/SE_data/noisy_for_reconst/wav7_200_aslp_zhy_00005.wav
/home/disk2/SE_data/noisy_for_reconst/wav7_200_aslp_zhy_00013.wav
/home/disk2/SE_data/noisy_for_reconst/wav7_200_aslp_zhy_00027.wav
/home/disk2/SE_data/noisy_for_reconst/wav7_200_aslp_zhy_00045.wav
/home/disk2/SE_data/noisy_for_reconst/wav7_200_aslp_zhy_00070.wav
/home/disk2/SE_data/noisy_for_reconst/wav7_200_aslp_zhy_00094.wav
/home/disk2/SE_data/noisy_for_reconst/wav7_200_aslp_zhy_00144.wav
/home/disk2/SE_data/noisy_for_reconst/wav7_200_aslp_zhy_00173.wav
/home/disk2/SE_data/noisy_for_reconst/wav7_200_aslp_zhy_00177.wav
/home/disk2/SE_data/noisy_for_reconst/wav7_200_aslp_zhy_00182.wav
/home/disk2/SE_data/noisy_for_reconst/zte_wav_16k_input_001_000015.wav
/home/disk2/SE_data/noisy_for_reconst/zte_wav_16k_input_004_000026.wav
/home/disk2/SE_data/noisy_for_reconst/zte_wav_16k_input_007_000001.wav
/home/disk2/SE_data/noisy_for_reconst/zte_wav_16k_input_007_000022.wav
/home/disk2/SE_data/noisy_for_reconst/zte_wav_16k_input_010_000026.wav
/home/disk2/SE_data/noisy_for_reconst/zte_wav_16k_input_011_000020.wav
/home/disk2/SE_data/noisy_for_reconst/zte_wav_16k_input_012_000006.wav
/home/disk2/SE_data/noisy_for_reconst/zte_wav_16k_input_013_000018.wav
/home/disk2/SE_data/noisy_for_reconst/zte_wav_16k_input_013_000021.wav
/home/disk2/SE_data/noisy_for_reconst/zte_wav_16k_input_016_000022.wav
/home/disk2/SE_data/noisy_for_reconst/zte_wav_16k_input_019_000009.wav
/home/disk2/SE_data/noisy_for_reconst/zte_wav_16k_input_020_000028.wav
/home/disk2/SE_data/noisy_for_reconst/zte_wav_16k_input_022_000010.wav
/home/disk2/SE_data/noisy_for_reconst/zte_wav_16k_input_022_000014.wav
/home/disk2/SE_data/noisy_for_reconst/zte_wav_16k_input_024_000003.wav
/home/disk2/SE_data/noisy_for_reconst/zte_wav_16k_input_024_000004.wav
/home/disk2/SE_data/noisy_for_reconst/zte_wav_16k_input_026_000015.wav
/home/disk2/SE_data/noisy_for_reconst/zte_wav_16k_input_026_000021.wav
/home/disk2/SE_data/noisy_for_reconst/zte_wav_16k_input_027_000006.wav
/home/disk2/SE_data/noisy_for_reconst/zte_wav_16k_input_030_000005.wav
/home/disk2/SE_data/noisy_for_reconst/zte_wav_16k_input_030_000027.wav
/home/disk2/SE_data/noisy_for_reconst/zte_wav_16k_input_031_000007.wav
/home/disk2/SE_data/noisy_for_reconst/zte_wav_16k_input_035_000002.wav
/home/disk2/SE_data/noisy_for_reconst/zte_wav_16k_input_035_000009.wav
/home/disk2/SE_data/noisy_for_reconst/zte_wav_16k_input_038_000006.wav
/home/disk2/SE_data/noisy_for_reconst/zte_wav_16k_input_038_000013.wav
/home/disk2/SE_data/noisy_for_reconst/zte_wav_16k_input_039_000003.wav
/home/disk2/SE_data/noisy_for_reconst/zte_wav_16k_input_040_000006.wav
/home/disk2/SE_data/noisy_for_reconst/zte_wav_16k_input_042_000014.wav
/home/disk2/SE_data/noisy_for_reconst/zte_wav_16k_input_042_000027.wav
/home/disk2/SE_data/noisy_for_reconst/zte_wav_16k_input_046_000011.wav
/home/disk2/SE_data/noisy_for_reconst/zte_wav_16k_input_046_000015.wav
/home/disk2/SE_data/noisy_for_reconst/zte_wav_16k_input_049_000009.wav
/home/disk2/SE_data/noisy_for_reconst/zte_wav_16k_input_049_000019.wav
/home/disk2/SE_data/noisy_for_reconst/zte_wav_16k_input_051_000004.wav
/home/disk2/SE_data/noisy_for_reconst/zte_wav_16k_input_052_000011.wav
/home/disk2/SE_data/noisy_for_reconst/zte_wav_16k_input_052_000012.wav
/home/disk2/SE_data/noisy_for_reconst/zte_wav_16k_input_057_000023.wav
/home/disk2/SE_data/noisy_for_reconst/zte_wav_16k_input_060_000028.wav
/home/disk2/SE_data/noisy_for_reconst/zte_wav_16k_input_063_000001.wav
/home/disk2/SE_data/noisy_for_reconst/zte_wav_16k_input_070_000010.wav
/home/disk2/SE_data/noisy_for_reconst/zte_wav_16k_input_071_000001.wav
/home/disk2/SE_data/noisy_for_reconst/zte_wav_16k_input_071_000010.wav
/home/disk2/SE_data/noisy_for_reconst/zte_wav_16k_input_071_000013.wav
/home/disk2/SE_data/noisy_for_reconst/zte_wav_16k_input_071_000014.wav
/home/disk2/SE_data/noisy_for_reconst/zte_wav_16k_input_071_000017.wav
/home/disk2/SE_data/noisy_for_reconst/zte_wav_16k_input_073_000006.wav
/home/disk2/SE_data/noisy_for_reconst/zte_wav_16k_input_075_000004.wav
/home/disk2/SE_data/noisy_for_reconst/zte_wav_16k_input_076_000020.wav
/home/disk2/SE_data/noisy_for_reconst/zte_wav_16k_input_077_000029.wav
/home/disk2/SE_data/noisy_for_reconst/zte_wav_16k_input_080_000011.wav
/home/disk2/SE_data/noisy_for_reconst/zte_wav_16k_input_080_000013.wav
/home/disk2/SE_data/noisy_for_reconst/zte_wav_16k_input_080_000015.wav
/home/disk2/SE_data/pesq/composite/enhanced_logmmse.wav
/home/disk2/SE_data/pesq/composite/sp09_babble_sn10.wav
/home/disk2/SE_data/pesq/composite/sp09.wav
/home/disk2/SE_data/real_data/noisy/20180725_170014_L.wav
/home/disk2/SE_data/real_data/noisy/20180725_170508_L.wav
/home/disk2/SE_data/real_data/noisy/20180727_121400_L.wav
/home/disk2/SE_data/test.wav
