/home/yxhu/work_nfs/data/tfrecords_station_noise_-5_5/addnoise_2w_chosen_station_noise_-5_5_noisy/MAKB0_MAKB0_SI1016.wav /home/yxhu/work_nfs/data/clean_wav_16k/MAKB0_MAKB0_SI1016.wav 6.0544375
/home/yxhu/work_nfs/data/tfrecords_station_noise_-5_5/addnoise_2w_chosen_station_noise_-5_5_noisy/speaker141_11421009.wav /home/yxhu/work_nfs/data/clean_wav_16k/speaker141_11421009.wav 9.6595
/home/yxhu/work_nfs/data/tfrecords_station_noise_-5_5/addnoise_2w_chosen_station_noise_-5_5_noisy/roboo_wav_16k_015325.wav /home/yxhu/work_nfs/data/clean_wav_16k/roboo_wav_16k_015325.wav 3.487375
/home/yxhu/work_nfs/data/tfrecords_station_noise_-5_5/addnoise_2w_chosen_station_noise_-5_5_noisy/speaker120_11211023.wav /home/yxhu/work_nfs/data/clean_wav_16k/speaker120_11211023.wav 8.68425
/home/yxhu/work_nfs/data/tfrecords_station_noise_-5_5/addnoise_2w_chosen_station_noise_-5_5_noisy/speaker056_10571006.wav /home/yxhu/work_nfs/data/clean_wav_16k/speaker056_10571006.wav 9.752375
/home/yxhu/work_nfs/data/tfrecords_station_noise_-5_5/addnoise_2w_chosen_station_noise_-5_5_noisy/speaker063_10641029.wav /home/yxhu/work_nfs/data/clean_wav_16k/speaker063_10641029.wav 8.89325
/home/yxhu/work_nfs/data/tfrecords_station_noise_-5_5/addnoise_2w_chosen_station_noise_-5_5_noisy/speaker103_11041003.wav /home/yxhu/work_nfs/data/clean_wav_16k/speaker103_11041003.wav 10.0774375
/home/yxhu/work_nfs/data/tfrecords_station_noise_-5_5/addnoise_2w_chosen_station_noise_-5_5_noisy/speaker083_10841009.wav /home/yxhu/work_nfs/data/clean_wav_16k/speaker083_10841009.wav 6.9195625
/home/yxhu/work_nfs/data/tfrecords_station_noise_-5_5/addnoise_2w_chosen_station_noise_-5_5_noisy/wav5_200_16k_107054.wav /home/yxhu/work_nfs/data/clean_wav_16k/wav5_200_16k_107054.wav 2.78
/home/yxhu/work_nfs/data/tfrecords_station_noise_-5_5/addnoise_2w_chosen_station_noise_-5_5_noisy/roboo_wav_16k_024355.wav /home/yxhu/work_nfs/data/clean_wav_16k/roboo_wav_16k_024355.wav 3.037375
