/home/disk2/SE_data/noisy_for_reconst/MFWK0_MFWK0_SX169.wav /home/disk2/SE_data/clean_wav/MFWK0_MFWK0_SX169.wav 2.83525
/home/disk2/SE_data/noisy_for_reconst/MFXS0_MFXS0_SX144.wav /home/disk2/SE_data/clean_wav/MFXS0_MFXS0_SX144.wav 2.6688125
/home/disk2/SE_data/noisy_for_reconst/MFXV0_MFXV0_SX375.wav /home/disk2/SE_data/clean_wav/MFXV0_MFXV0_SX375.wav 3.1744375
/home/disk2/SE_data/noisy_for_reconst/MGAF0_MGAF0_SX382.wav /home/disk2/SE_data/clean_wav/MGAF0_MGAF0_SX382.wav 2.67525
/home/disk2/SE_data/noisy_for_reconst/MGAG0_MGAG0_SI1321.wav /home/disk2/SE_data/clean_wav/MGAG0_MGAG0_SI1321.wav 3.744
/home/disk2/SE_data/noisy_for_reconst/MGAG0_MGAG0_SX241.wav /home/disk2/SE_data/clean_wav/MGAG0_MGAG0_SX241.wav 2.1568125
/home/disk2/SE_data/noisy_for_reconst/MGAG0_MGAG0_SX331.wav /home/disk2/SE_data/clean_wav/MGAG0_MGAG0_SX331.wav 2.368
/home/disk2/SE_data/noisy_for_reconst/MGAK0_MGAK0_SI1036.wav /home/disk2/SE_data/clean_wav/MGAK0_MGAK0_SI1036.wav 4.56325
/home/disk2/SE_data/noisy_for_reconst/MGAK0_MGAK0_SI2296.wav /home/disk2/SE_data/clean_wav/MGAK0_MGAK0_SI2296.wav 2.4064375
/home/disk2/SE_data/noisy_for_reconst/MGES0_MGES0_SX401.wav /home/disk2/SE_data/clean_wav/MGES0_MGES0_SX401.wav 2.3808125
/home/disk2/SE_data/noisy_for_reconst/MGJF0_MGJF0_SX191.wav /home/disk2/SE_data/clean_wav/MGJF0_MGJF0_SX191.wav 2.425625
/home/disk2/SE_data/noisy_for_reconst/MGLB0_MGLB0_SX4.wav /home/disk2/SE_data/clean_wav/MGLB0_MGLB0_SX4.wav 2.425625
/home/disk2/SE_data/noisy_for_reconst/MGLB0_MGLB0_SX94.wav /home/disk2/SE_data/clean_wav/MGLB0_MGLB0_SX94.wav 2.432
/home/disk2/SE_data/noisy_for_reconst/MGRL0_MGRL0_SI867.wav /home/disk2/SE_data/clean_wav/MGRL0_MGRL0_SI867.wav 3.8528125
/home/disk2/SE_data/noisy_for_reconst/MGSH0_MGSH0_SX127.wav /home/disk2/SE_data/clean_wav/MGSH0_MGSH0_SX127.wav 2.1248125
/home/disk2/SE_data/noisy_for_reconst/MGSL0_MGSL0_SI797.wav /home/disk2/SE_data/clean_wav/MGSL0_MGSL0_SI797.wav 4.3904375
/home/disk2/SE_data/noisy_for_reconst/MGSL0_MGSL0_SX354.wav /home/disk2/SE_data/clean_wav/MGSL0_MGSL0_SX354.wav 2.9504375
/home/disk2/SE_data/noisy_for_reconst/MGWT0_MGWT0_SX369.wav /home/disk2/SE_data/clean_wav/MGWT0_MGWT0_SX369.wav 3.481625
/home/disk2/SE_data/noisy_for_reconst/MHBS0_MHBS0_SI945.wav /home/disk2/SE_data/clean_wav/MHBS0_MHBS0_SI945.wav 4.2368125
/home/disk2/SE_data/noisy_for_reconst/MHIT0_MHIT0_SX173.wav /home/disk2/SE_data/clean_wav/MHIT0_MHIT0_SX173.wav 3.60325
/home/disk2/SE_data/noisy_for_reconst/MHIT0_MHIT0_SX353.wav /home/disk2/SE_data/clean_wav/MHIT0_MHIT0_SX353.wav 3.104
/home/disk2/SE_data/noisy_for_reconst/MHIT0_MHIT0_SX443.wav /home/disk2/SE_data/clean_wav/MHIT0_MHIT0_SX443.wav 2.7904375
/home/disk2/SE_data/noisy_for_reconst/MHJB0_MHJB0_SI2277.wav /home/disk2/SE_data/clean_wav/MHJB0_MHJB0_SI2277.wav 3.993625
/home/disk2/SE_data/noisy_for_reconst/MHMR0_MHMR0_SX39.wav /home/disk2/SE_data/clean_wav/MHMR0_MHMR0_SX39.wav 2.64325
/home/disk2/SE_data/noisy_for_reconst/MJBG0_MJBG0_SX152.wav /home/disk2/SE_data/clean_wav/MJBG0_MJBG0_SX152.wav 3.28325
/home/disk2/SE_data/noisy_for_reconst/MJDG0_MJDG0_SX322.wav /home/disk2/SE_data/clean_wav/MJDG0_MJDG0_SX322.wav 2.2784375
/home/disk2/SE_data/noisy_for_reconst/MJEB1_MJEB1_SX207.wav /home/disk2/SE_data/clean_wav/MJEB1_MJEB1_SX207.wav 2.3168125
/home/disk2/SE_data/noisy_for_reconst/MJEE0_MJEE0_SX427.wav /home/disk2/SE_data/clean_wav/MJEE0_MJEE0_SX427.wav 2.61125
/home/disk2/SE_data/noisy_for_reconst/MJFH0_MJFH0_SI1737.wav /home/disk2/SE_data/clean_wav/MJFH0_MJFH0_SI1737.wav 2.6624375
/home/disk2/SE_data/noisy_for_reconst/MJJB0_MJJB0_SI1139.wav /home/disk2/SE_data/clean_wav/MJJB0_MJJB0_SI1139.wav 3.92325
/home/disk2/SE_data/noisy_for_reconst/MJJB0_MJJB0_SI1769.wav /home/disk2/SE_data/clean_wav/MJJB0_MJJB0_SI1769.wav 2.553625
/home/disk2/SE_data/noisy_for_reconst/MJJB0_MJJB0_SX329.wav /home/disk2/SE_data/clean_wav/MJJB0_MJJB0_SX329.wav 3.808
/home/disk2/SE_data/noisy_for_reconst/MJJJ0_MJJJ0_SI533.wav /home/disk2/SE_data/clean_wav/MJJJ0_MJJJ0_SI533.wav 3.60325
/home/disk2/SE_data/noisy_for_reconst/MJJM0_MJJM0_SX377.wav /home/disk2/SE_data/clean_wav/MJJM0_MJJM0_SX377.wav 3.02725
/home/disk2/SE_data/noisy_for_reconst/MJLB0_MJLB0_SX266.wav /home/disk2/SE_data/clean_wav/MJLB0_MJLB0_SX266.wav 2.32325
/home/disk2/SE_data/noisy_for_reconst/MJMA0_MJMA0_SX235.wav /home/disk2/SE_data/clean_wav/MJMA0_MJMA0_SX235.wav 2.3808125
/home/disk2/SE_data/noisy_for_reconst/MJMM0_MJMM0_SI625.wav /home/disk2/SE_data/clean_wav/MJMM0_MJMM0_SI625.wav 2.35525
/home/disk2/SE_data/noisy_for_reconst/MJMP0_MJMP0_SX275.wav /home/disk2/SE_data/clean_wav/MJMP0_MJMP0_SX275.wav 2.77125
/home/disk2/SE_data/noisy_for_reconst/MJPM0_MJPM0_SX198.wav /home/disk2/SE_data/clean_wav/MJPM0_MJPM0_SX198.wav 3.449625
/home/disk2/SE_data/noisy_for_reconst/MJRG0_MJRG0_SI736.wav /home/disk2/SE_data/clean_wav/MJRG0_MJRG0_SI736.wav 4.601625
/home/disk2/SE_data/noisy_for_reconst/MJRK0_MJRK0_SX250.wav /home/disk2/SE_data/clean_wav/MJRK0_MJRK0_SX250.wav 3.072
/home/disk2/SE_data/noisy_for_reconst/MJRP0_MJRP0_SX45.wav /home/disk2/SE_data/clean_wav/MJRP0_MJRP0_SX45.wav 2.56
/home/disk2/SE_data/noisy_for_reconst/MJWG0_MJWG0_SX445.wav /home/disk2/SE_data/clean_wav/MJWG0_MJWG0_SX445.wav 2.457625
/home/disk2/SE_data/noisy_for_reconst/MJXL0_MJXL0_SI542.wav /home/disk2/SE_data/clean_wav/MJXL0_MJXL0_SI542.wav 2.8608125
/home/disk2/SE_data/noisy_for_reconst/MKAG0_MKAG0_SX79.wav /home/disk2/SE_data/clean_wav/MKAG0_MKAG0_SX79.wav 3.0208125
/home/disk2/SE_data/noisy_for_reconst/MKAM0_MKAM0_SI1465.wav /home/disk2/SE_data/clean_wav/MKAM0_MKAM0_SI1465.wav 5.081625
/home/disk2/SE_data/noisy_for_reconst/MKAM0_MKAM0_SX326.wav /home/disk2/SE_data/clean_wav/MKAM0_MKAM0_SX326.wav 3.1168125
/home/disk2/SE_data/noisy_for_reconst/MKDB0_MKDB0_SI872.wav /home/disk2/SE_data/clean_wav/MKDB0_MKDB0_SI872.wav 2.99525
/home/disk2/SE_data/noisy_for_reconst/MKDD0_MKDD0_SI937.wav /home/disk2/SE_data/clean_wav/MKDD0_MKDD0_SI937.wav 4.1408125
/home/disk2/SE_data/noisy_for_reconst/MKDD0_MKDD0_SX37.wav /home/disk2/SE_data/clean_wav/MKDD0_MKDD0_SX37.wav 2.72
/home/disk2/SE_data/noisy_for_reconst/MKES0_MKES0_SI1883.wav /home/disk2/SE_data/clean_wav/MKES0_MKES0_SI1883.wav 3.82725
/home/disk2/SE_data/noisy_for_reconst/MKLW0_MKLW0_SX401.wav /home/disk2/SE_data/clean_wav/MKLW0_MKLW0_SX401.wav 2.9888125
/home/disk2/SE_data/noisy_for_reconst/MKRG0_MKRG0_SX411.wav /home/disk2/SE_data/clean_wav/MKRG0_MKRG0_SX411.wav 2.56
/home/disk2/SE_data/noisy_for_reconst/MKRG0_MKRG0_SX51.wav /home/disk2/SE_data/clean_wav/MKRG0_MKRG0_SX51.wav 2.3744375
/home/disk2/SE_data/noisy_for_reconst/MLBC0_MLBC0_SX159.wav /home/disk2/SE_data/clean_wav/MLBC0_MLBC0_SX159.wav 2.777625
/home/disk2/SE_data/noisy_for_reconst/MLEL0_MLEL0_SI1876.wav /home/disk2/SE_data/clean_wav/MLEL0_MLEL0_SI1876.wav 2.297625
/home/disk2/SE_data/noisy_for_reconst/MLJC0_MLJC0_SX55.wav /home/disk2/SE_data/clean_wav/MLJC0_MLJC0_SX55.wav 2.72
/home/disk2/SE_data/noisy_for_reconst/MLJH0_MLJH0_SI694.wav /home/disk2/SE_data/clean_wav/MLJH0_MLJH0_SI694.wav 4.537625
/home/disk2/SE_data/noisy_for_reconst/MLNS0_MLNS0_SX417.wav /home/disk2/SE_data/clean_wav/MLNS0_MLNS0_SX417.wav 3.3728125
/home/disk2/SE_data/noisy_for_reconst/MLSH0_MLSH0_SX337.wav /home/disk2/SE_data/clean_wav/MLSH0_MLSH0_SX337.wav 2.912
/home/disk2/SE_data/noisy_for_reconst/MMAA0_MMAA0_SX35.wav /home/disk2/SE_data/clean_wav/MMAA0_MMAA0_SX35.wav 2.4448125
/home/disk2/SE_data/noisy_for_reconst/MMAB1_MMAB1_SX234.wav /home/disk2/SE_data/clean_wav/MMAB1_MMAB1_SX234.wav 3.0208125
/home/disk2/SE_data/noisy_for_reconst/MMDG0_MMDG0_SI2035.wav /home/disk2/SE_data/clean_wav/MMDG0_MMDG0_SI2035.wav 2.0928125
/home/disk2/SE_data/noisy_for_reconst/MMDM1_MMDM1_SX153.wav /home/disk2/SE_data/clean_wav/MMDM1_MMDM1_SX153.wav 4.601625
/home/disk2/SE_data/noisy_for_reconst/MMDM2_MMDM2_SX102.wav /home/disk2/SE_data/clean_wav/MMDM2_MMDM2_SX102.wav 3.136
/home/disk2/SE_data/noisy_for_reconst/MMDS0_MMDS0_SI1343.wav /home/disk2/SE_data/clean_wav/MMDS0_MMDS0_SI1343.wav 3.7824375
/home/disk2/SE_data/noisy_for_reconst/MMGG0_MMGG0_SX359.wav /home/disk2/SE_data/clean_wav/MMGG0_MMGG0_SX359.wav 3.385625
/home/disk2/SE_data/noisy_for_reconst/MMJR0_MMJR0_SX208.wav /home/disk2/SE_data/clean_wav/MMJR0_MMJR0_SX208.wav 3.5008125
/home/disk2/SE_data/noisy_for_reconst/MMRP0_MMRP0_SX54.wav /home/disk2/SE_data/clean_wav/MMRP0_MMRP0_SX54.wav 3.872
/home/disk2/SE_data/noisy_for_reconst/MNJM0_MNJM0_SX230.wav /home/disk2/SE_data/clean_wav/MNJM0_MNJM0_SX230.wav 3.552
/home/disk2/SE_data/noisy_for_reconst/MNJM0_MNJM0_SX50.wav /home/disk2/SE_data/clean_wav/MNJM0_MNJM0_SX50.wav 3.3984375
/home/disk2/SE_data/noisy_for_reconst/MPAM0_MPAM0_SI1961.wav /home/disk2/SE_data/clean_wav/MPAM0_MPAM0_SI1961.wav 4.416
/home/disk2/SE_data/noisy_for_reconst/MPAM0_MPAM0_SX289.wav /home/disk2/SE_data/clean_wav/MPAM0_MPAM0_SX289.wav 2.70725
/home/disk2/SE_data/noisy_for_reconst/MPAM0_MPAM0_SX379.wav /home/disk2/SE_data/clean_wav/MPAM0_MPAM0_SX379.wav 2.51525
/home/disk2/SE_data/noisy_for_reconst/MPGH0_MPGH0_SI924.wav /home/disk2/SE_data/clean_wav/MPGH0_MPGH0_SI924.wav 2.4064375
/home/disk2/SE_data/noisy_for_reconst/MPGR1_MPGR1_SI2129.wav /home/disk2/SE_data/clean_wav/MPGR1_MPGR1_SI2129.wav 2.7904375
/home/disk2/SE_data/noisy_for_reconst/MPRD0_MPRD0_SX171.wav /home/disk2/SE_data/clean_wav/MPRD0_MPRD0_SX171.wav 4.505625
/home/disk2/SE_data/noisy_for_reconst/MRAB0_MRAB0_SI594.wav /home/disk2/SE_data/clean_wav/MRAB0_MRAB0_SI594.wav 2.0544375
/home/disk2/SE_data/noisy_for_reconst/MRAB0_MRAB0_SX234.wav /home/disk2/SE_data/clean_wav/MRAB0_MRAB0_SX234.wav 2.77125
/home/disk2/SE_data/noisy_for_reconst/MRAI0_MRAI0_SX342.wav /home/disk2/SE_data/clean_wav/MRAI0_MRAI0_SX342.wav 3.3344375
/home/disk2/SE_data/noisy_for_reconst/MRCW0_MRCW0_SI1371.wav /home/disk2/SE_data/clean_wav/MRCW0_MRCW0_SI1371.wav 3.0784375
/home/disk2/SE_data/noisy_for_reconst/MRCW0_MRCW0_SX201.wav /home/disk2/SE_data/clean_wav/MRCW0_MRCW0_SX201.wav 2.7584375
/home/disk2/SE_data/noisy_for_reconst/MRDD0_MRDD0_SX150.wav /home/disk2/SE_data/clean_wav/MRDD0_MRDD0_SX150.wav 2.0224375
/home/disk2/SE_data/noisy_for_reconst/MRDS0_MRDS0_SI1167.wav /home/disk2/SE_data/clean_wav/MRDS0_MRDS0_SI1167.wav 1.84325
/home/disk2/SE_data/noisy_for_reconst/MREE0_MREE0_SX114.wav /home/disk2/SE_data/clean_wav/MREE0_MREE0_SX114.wav 2.656
/home/disk2/SE_data/noisy_for_reconst/MRJM4_MRJM4_SX139.wav /home/disk2/SE_data/clean_wav/MRJM4_MRJM4_SX139.wav 2.6944375
/home/disk2/SE_data/noisy_for_reconst/MRJR0_MRJR0_SX282.wav /home/disk2/SE_data/clean_wav/MRJR0_MRJR0_SX282.wav 3.34725
/home/disk2/SE_data/noisy_for_reconst/MRKM0_MRKM0_SX7.wav /home/disk2/SE_data/clean_wav/MRKM0_MRKM0_SX7.wav 3.37925
/home/disk2/SE_data/noisy_for_reconst/MRML0_MRML0_SX161.wav /home/disk2/SE_data/clean_wav/MRML0_MRML0_SX161.wav 4.6848125
/home/disk2/SE_data/noisy_for_reconst/MRTC0_MRTC0_SI1458.wav /home/disk2/SE_data/clean_wav/MRTC0_MRTC0_SI1458.wav 4.6848125
/home/disk2/SE_data/noisy_for_reconst/MRTC0_MRTC0_SX198.wav /home/disk2/SE_data/clean_wav/MRTC0_MRTC0_SX198.wav 2.6688125
/home/disk2/SE_data/noisy_for_reconst/MRTJ0_MRTJ0_SX232.wav /home/disk2/SE_data/clean_wav/MRTJ0_MRTJ0_SX232.wav 4.665625
/home/disk2/SE_data/noisy_for_reconst/MRWS0_MRWS0_SX292.wav /home/disk2/SE_data/clean_wav/MRWS0_MRWS0_SX292.wav 3.2
/home/disk2/SE_data/noisy_for_reconst/MRXB0_MRXB0_SX415.wav /home/disk2/SE_data/clean_wav/MRXB0_MRXB0_SX415.wav 2.6688125
/home/disk2/SE_data/noisy_for_reconst/MSAT0_MSAT0_SI896.wav /home/disk2/SE_data/clean_wav/MSAT0_MSAT0_SI896.wav 2.1184375
/home/disk2/SE_data/noisy_for_reconst/MSAT1_MSAT1_SX173.wav /home/disk2/SE_data/clean_wav/MSAT1_MSAT1_SX173.wav 3.84
/home/disk2/SE_data/noisy_for_reconst/MSDB0_MSDB0_SX377.wav /home/disk2/SE_data/clean_wav/MSDB0_MSDB0_SX377.wav 2.2848125
/home/disk2/SE_data/noisy_for_reconst/MSES0_MSES0_SX419.wav /home/disk2/SE_data/clean_wav/MSES0_MSES0_SX419.wav 2.432
/home/disk2/SE_data/noisy_for_reconst/MSMR0_MSMR0_SI1405.wav /home/disk2/SE_data/clean_wav/MSMR0_MSMR0_SI1405.wav 2.681625
/home/disk2/SE_data/noisy_for_reconst/MSRR0_MSRR0_SX411.wav /home/disk2/SE_data/clean_wav/MSRR0_MSRR0_SX411.wav 3.15525
/home/disk2/SE_data/noisy_for_reconst/MTAA0_MTAA0_SI596.wav /home/disk2/SE_data/clean_wav/MTAA0_MTAA0_SI596.wav 2.048
/home/disk2/SE_data/noisy_for_reconst/MTAB0_MTAB0_SI942.wav /home/disk2/SE_data/clean_wav/MTAB0_MTAB0_SI942.wav 3.7824375
/home/disk2/SE_data/noisy_for_reconst/MTAS0_MTAS0_SI755.wav /home/disk2/SE_data/clean_wav/MTAS0_MTAS0_SI755.wav 2.25925
/home/disk2/SE_data/noisy_for_reconst/MTDT0_MTDT0_SX4.wav /home/disk2/SE_data/clean_wav/MTDT0_MTDT0_SX4.wav 2.8928125
/home/disk2/SE_data/noisy_for_reconst/MTEB0_MTEB0_SI1133.wav /home/disk2/SE_data/clean_wav/MTEB0_MTEB0_SI1133.wav 3.065625
/home/disk2/SE_data/noisy_for_reconst/MTJM0_MTJM0_SX56.wav /home/disk2/SE_data/clean_wav/MTJM0_MTJM0_SX56.wav 2.7584375
/home/disk2/SE_data/noisy_for_reconst/MTKP0_MTKP0_SI454.wav /home/disk2/SE_data/clean_wav/MTKP0_MTKP0_SI454.wav 4.3904375
/home/disk2/SE_data/noisy_for_reconst/MTLS0_MTLS0_SX110.wav /home/disk2/SE_data/clean_wav/MTLS0_MTLS0_SX110.wav 3.4048125
/home/disk2/SE_data/noisy_for_reconst/MTMT0_MTMT0_SX38.wav /home/disk2/SE_data/clean_wav/MTMT0_MTMT0_SX38.wav 2.86725
/home/disk2/SE_data/noisy_for_reconst/MTPP0_MTPP0_SX68.wav /home/disk2/SE_data/clean_wav/MTPP0_MTPP0_SX68.wav 2.41925
/home/disk2/SE_data/noisy_for_reconst/MTRC0_MTRC0_SI589.wav /home/disk2/SE_data/clean_wav/MTRC0_MTRC0_SI589.wav 4.1024375
/home/disk2/SE_data/noisy_for_reconst/MTXS0_MTXS0_SI1060.wav /home/disk2/SE_data/clean_wav/MTXS0_MTXS0_SI1060.wav 4.72325
/home/disk2/SE_data/noisy_for_reconst/MVRW0_MVRW0_SX405.wav /home/disk2/SE_data/clean_wav/MVRW0_MVRW0_SX405.wav 2.208
/home/disk2/SE_data/noisy_for_reconst/MWAC0_MWAC0_SX71.wav /home/disk2/SE_data/clean_wav/MWAC0_MWAC0_SX71.wav 2.7584375
/home/disk2/SE_data/noisy_for_reconst/MWAR0_MWAR0_SX235.wav /home/disk2/SE_data/clean_wav/MWAR0_MWAR0_SX235.wav 2.7328125
/home/disk2/SE_data/noisy_for_reconst/MWEW0_MWEW0_SI1361.wav /home/disk2/SE_data/clean_wav/MWEW0_MWEW0_SI1361.wav 2.54725
/home/disk2/SE_data/noisy_for_reconst/MWGR0_MWGR0_SI2236.wav /home/disk2/SE_data/clean_wav/MWGR0_MWGR0_SI2236.wav 2.5984375
/home/disk2/SE_data/noisy_for_reconst/MWRE0_MWRE0_SX157.wav /home/disk2/SE_data/clean_wav/MWRE0_MWRE0_SX157.wav 2.6048125
/home/disk2/SE_data/noisy_for_reconst/MWRP0_MWRP0_SX273.wav /home/disk2/SE_data/clean_wav/MWRP0_MWRP0_SX273.wav 2.67525
/home/disk2/SE_data/noisy_for_reconst/MWSB0_MWSB0_SX96.wav /home/disk2/SE_data/clean_wav/MWSB0_MWSB0_SX96.wav 2.496
/home/disk2/SE_data/noisy_for_reconst/MWSH0_MWSH0_SX166.wav /home/disk2/SE_data/clean_wav/MWSH0_MWSH0_SX166.wav 4.1728125
/home/disk2/SE_data/noisy_for_reconst/speaker194_11951022.wav /home/disk2/SE_data/clean_wav/speaker194_11951022.wav 7.5000625
/home/disk2/SE_data/noisy_for_reconst/speaker194_11951026.wav /home/disk2/SE_data/clean_wav/speaker194_11951026.wav 8.382375
/home/disk2/SE_data/noisy_for_reconst/speaker195_11961014.wav /home/disk2/SE_data/clean_wav/speaker195_11961014.wav 8.4753125
/home/disk2/SE_data/noisy_for_reconst/speaker196_11971008.wav /home/disk2/SE_data/clean_wav/speaker196_11971008.wav 8.0573125
/home/disk2/SE_data/noisy_for_reconst/speaker196_11971022.wav /home/disk2/SE_data/clean_wav/speaker196_11971022.wav 10.3793125
/home/disk2/SE_data/noisy_for_reconst/speaker196_11971023.wav /home/disk2/SE_data/clean_wav/speaker196_11971023.wav 7.5465
/home/disk2/SE_data/noisy_for_reconst/speaker196_11971029.wav /home/disk2/SE_data/clean_wav/speaker196_11971029.wav 9.775625
/home/disk2/SE_data/noisy_for_reconst/speaker196_11971031.wav /home/disk2/SE_data/clean_wav/speaker196_11971031.wav 9.5201875
/home/disk2/SE_data/noisy_for_reconst/speaker198_11991023.wav /home/disk2/SE_data/clean_wav/speaker198_11991023.wav 9.752375
/home/disk2/SE_data/noisy_for_reconst/speaker198_11991025.wav /home/disk2/SE_data/clean_wav/speaker198_11991025.wav 8.986125
/home/disk2/SE_data/noisy_for_reconst/speaker198_11991026.wav /home/disk2/SE_data/clean_wav/speaker198_11991026.wav 8.034125
/home/disk2/SE_data/noisy_for_reconst/speaker199_12001037.wav /home/disk2/SE_data/clean_wav/speaker199_12001037.wav 11.9350625
/home/disk2/SE_data/noisy_for_reconst/wav_200_0004.wav /home/disk2/SE_data/clean_wav/wav_200_0004.wav 13.15
/home/disk2/SE_data/noisy_for_reconst/wav_200_0005.wav /home/disk2/SE_data/clean_wav/wav_200_0005.wav 11.01
/home/disk2/SE_data/noisy_for_reconst/wav_200_0038.wav /home/disk2/SE_data/clean_wav/wav_200_0038.wav 8.87
/home/disk2/SE_data/noisy_for_reconst/wav_200_0041.wav /home/disk2/SE_data/clean_wav/wav_200_0041.wav 9.48
/home/disk2/SE_data/noisy_for_reconst/wav_200_0134.wav /home/disk2/SE_data/clean_wav/wav_200_0134.wav 7.4
/home/disk2/SE_data/noisy_for_reconst/wav_200_0199.wav /home/disk2/SE_data/clean_wav/wav_200_0199.wav 7.01
/home/disk2/SE_data/noisy_for_reconst/wav2_200_00019.wav /home/disk2/SE_data/clean_wav/wav2_200_00019.wav 10.5700625
/home/disk2/SE_data/noisy_for_reconst/wav2_200_00026.wav /home/disk2/SE_data/clean_wav/wav2_200_00026.wav 10.429625
/home/disk2/SE_data/noisy_for_reconst/wav2_200_00084.wav /home/disk2/SE_data/clean_wav/wav2_200_00084.wav 8.485875
/home/disk2/SE_data/noisy_for_reconst/wav2_200_00093.wav /home/disk2/SE_data/clean_wav/wav2_200_00093.wav 9.6463125
/home/disk2/SE_data/noisy_for_reconst/wav2_200_00110.wav /home/disk2/SE_data/clean_wav/wav2_200_00110.wav 7.3400625
/home/disk2/SE_data/noisy_for_reconst/wav2_200_00119.wav /home/disk2/SE_data/clean_wav/wav2_200_00119.wav 7.8400625
/home/disk2/SE_data/noisy_for_reconst/wav2_200_00122.wav /home/disk2/SE_data/clean_wav/wav2_200_00122.wav 8.7300625
/home/disk2/SE_data/noisy_for_reconst/wav2_200_00145.wav /home/disk2/SE_data/clean_wav/wav2_200_00145.wav 8.9100625
/home/disk2/SE_data/noisy_for_reconst/wav2_200_00151.wav /home/disk2/SE_data/clean_wav/wav2_200_00151.wav 7.5155
/home/disk2/SE_data/noisy_for_reconst/wav2_200_00160.wav /home/disk2/SE_data/clean_wav/wav2_200_00160.wav 7.3870625
/home/disk2/SE_data/noisy_for_reconst/wav2_200_00162.wav /home/disk2/SE_data/clean_wav/wav2_200_00162.wav 8.8700625
/home/disk2/SE_data/noisy_for_reconst/wav2_200_00178.wav /home/disk2/SE_data/clean_wav/wav2_200_00178.wav 7.970375
/home/disk2/SE_data/noisy_for_reconst/wav2_200_00198.wav /home/disk2/SE_data/clean_wav/wav2_200_00198.wav 7.709125
/home/disk2/SE_data/noisy_for_reconst/wav3_200_000014.wav /home/disk2/SE_data/clean_wav/wav3_200_000014.wav 2.22
/home/disk2/SE_data/noisy_for_reconst/wav3_200_000024.wav /home/disk2/SE_data/clean_wav/wav3_200_000024.wav 5.6
/home/disk2/SE_data/noisy_for_reconst/wav3_200_000068.wav /home/disk2/SE_data/clean_wav/wav3_200_000068.wav 3.48
/home/disk2/SE_data/noisy_for_reconst/wav3_200_000082.wav /home/disk2/SE_data/clean_wav/wav3_200_000082.wav 4.46
/home/disk2/SE_data/noisy_for_reconst/wav3_200_000089.wav /home/disk2/SE_data/clean_wav/wav3_200_000089.wav 5.98
/home/disk2/SE_data/noisy_for_reconst/wav3_200_000096.wav /home/disk2/SE_data/clean_wav/wav3_200_000096.wav 3.88
/home/disk2/SE_data/noisy_for_reconst/wav3_200_000118.wav /home/disk2/SE_data/clean_wav/wav3_200_000118.wav 4.4
/home/disk2/SE_data/noisy_for_reconst/wav3_200_000120.wav /home/disk2/SE_data/clean_wav/wav3_200_000120.wav 4.9
/home/disk2/SE_data/noisy_for_reconst/wav3_200_000140.wav /home/disk2/SE_data/clean_wav/wav3_200_000140.wav 5.65
/home/disk2/SE_data/noisy_for_reconst/wav3_200_000141.wav /home/disk2/SE_data/clean_wav/wav3_200_000141.wav 5.53
/home/disk2/SE_data/noisy_for_reconst/wav3_200_000159.wav /home/disk2/SE_data/clean_wav/wav3_200_000159.wav 5.394
/home/disk2/SE_data/noisy_for_reconst/wav3_200_000160.wav /home/disk2/SE_data/clean_wav/wav3_200_000160.wav 4.95
/home/disk2/SE_data/noisy_for_reconst/wav3_200_000178.wav /home/disk2/SE_data/clean_wav/wav3_200_000178.wav 5.84
/home/disk2/SE_data/noisy_for_reconst/wav4_200_16k_100013.wav /home/disk2/SE_data/clean_wav/wav4_200_16k_100013.wav 3.737875
/home/disk2/SE_data/noisy_for_reconst/wav4_200_16k_100043.wav /home/disk2/SE_data/clean_wav/wav4_200_16k_100043.wav 5.36
/home/disk2/SE_data/noisy_for_reconst/wav4_200_16k_100064.wav /home/disk2/SE_data/clean_wav/wav4_200_16k_100064.wav 4.182125
/home/disk2/SE_data/noisy_for_reconst/wav4_200_16k_100089.wav /home/disk2/SE_data/clean_wav/wav4_200_16k_100089.wav 4.6091875
/home/disk2/SE_data/noisy_for_reconst/wav4_200_16k_100129.wav /home/disk2/SE_data/clean_wav/wav4_200_16k_100129.wav 4.3975625
/home/disk2/SE_data/noisy_for_reconst/wav4_200_16k_100198.wav /home/disk2/SE_data/clean_wav/wav4_200_16k_100198.wav 4.5253125
/home/disk2/SE_data/noisy_for_reconst/wav5_200_16k_107080.wav /home/disk2/SE_data/clean_wav/wav5_200_16k_107080.wav 3.42
/home/disk2/SE_data/noisy_for_reconst/wav5_200_16k_107089.wav /home/disk2/SE_data/clean_wav/wav5_200_16k_107089.wav 2.8151875
/home/disk2/SE_data/noisy_for_reconst/wav5_200_16k_107108.wav /home/disk2/SE_data/clean_wav/wav5_200_16k_107108.wav 2.928
/home/disk2/SE_data/noisy_for_reconst/wav5_200_16k_107115.wav /home/disk2/SE_data/clean_wav/wav5_200_16k_107115.wav 3.52
/home/disk2/SE_data/noisy_for_reconst/wav5_200_16k_107120.wav /home/disk2/SE_data/clean_wav/wav5_200_16k_107120.wav 3.08
/home/disk2/SE_data/noisy_for_reconst/wav5_200_16k_107123.wav /home/disk2/SE_data/clean_wav/wav5_200_16k_107123.wav 2.58325
/home/disk2/SE_data/noisy_for_reconst/wav5_200_16k_107151.wav /home/disk2/SE_data/clean_wav/wav5_200_16k_107151.wav 2.16
/home/disk2/SE_data/noisy_for_reconst/wav5_200_16k_107183.wav /home/disk2/SE_data/clean_wav/wav5_200_16k_107183.wav 4.768625
/home/disk2/SE_data/noisy_for_reconst/wav6_200_100023.wav /home/disk2/SE_data/clean_wav/wav6_200_100023.wav 5.236875
/home/disk2/SE_data/noisy_for_reconst/wav6_200_100048.wav /home/disk2/SE_data/clean_wav/wav6_200_100048.wav 4.397125
/home/disk2/SE_data/noisy_for_reconst/wav6_200_100055.wav /home/disk2/SE_data/clean_wav/wav6_200_100055.wav 4.122
/home/disk2/SE_data/noisy_for_reconst/wav6_200_100086.wav /home/disk2/SE_data/clean_wav/wav6_200_100086.wav 3.6903125
/home/disk2/SE_data/noisy_for_reconst/wav6_200_100095.wav /home/disk2/SE_data/clean_wav/wav6_200_100095.wav 4.5391875
/home/disk2/SE_data/noisy_for_reconst/wav6_200_100114.wav /home/disk2/SE_data/clean_wav/wav6_200_100114.wav 4.42
/home/disk2/SE_data/noisy_for_reconst/wav6_200_100158.wav /home/disk2/SE_data/clean_wav/wav6_200_100158.wav 3.682875
/home/disk2/SE_data/noisy_for_reconst/wav6_200_100166.wav /home/disk2/SE_data/clean_wav/wav6_200_100166.wav 5.52
/home/disk2/SE_data/noisy_for_reconst/wav6_200_100169.wav /home/disk2/SE_data/clean_wav/wav6_200_100169.wav 4.7174375
/home/disk2/SE_data/noisy_for_reconst/wav6_200_100177.wav /home/disk2/SE_data/clean_wav/wav6_200_100177.wav 3.8346875
/home/disk2/SE_data/noisy_for_reconst/wav7_200_aslp_zhy_00002.wav /home/disk2/SE_data/clean_wav/wav7_200_aslp_zhy_00002.wav 3.261
/home/disk2/SE_data/noisy_for_reconst/wav7_200_aslp_zhy_00005.wav /home/disk2/SE_data/clean_wav/wav7_200_aslp_zhy_00005.wav 3.15125
/home/disk2/SE_data/noisy_for_reconst/wav7_200_aslp_zhy_00013.wav /home/disk2/SE_data/clean_wav/wav7_200_aslp_zhy_00013.wav 4.12475
/home/disk2/SE_data/noisy_for_reconst/wav7_200_aslp_zhy_00027.wav /home/disk2/SE_data/clean_wav/wav7_200_aslp_zhy_00027.wav 4.68875
/home/disk2/SE_data/noisy_for_reconst/wav7_200_aslp_zhy_00045.wav /home/disk2/SE_data/clean_wav/wav7_200_aslp_zhy_00045.wav 6.3176875
/home/disk2/SE_data/noisy_for_reconst/wav7_200_aslp_zhy_00070.wav /home/disk2/SE_data/clean_wav/wav7_200_aslp_zhy_00070.wav 4.5113125
/home/disk2/SE_data/noisy_for_reconst/wav7_200_aslp_zhy_00094.wav /home/disk2/SE_data/clean_wav/wav7_200_aslp_zhy_00094.wav 4.5165625
/home/disk2/SE_data/noisy_for_reconst/wav7_200_aslp_zhy_00144.wav /home/disk2/SE_data/clean_wav/wav7_200_aslp_zhy_00144.wav 3.974625
/home/disk2/SE_data/noisy_for_reconst/wav7_200_aslp_zhy_00173.wav /home/disk2/SE_data/clean_wav/wav7_200_aslp_zhy_00173.wav 4.0624375
/home/disk2/SE_data/noisy_for_reconst/wav7_200_aslp_zhy_00177.wav /home/disk2/SE_data/clean_wav/wav7_200_aslp_zhy_00177.wav 4.8066875
/home/disk2/SE_data/noisy_for_reconst/wav7_200_aslp_zhy_00182.wav /home/disk2/SE_data/clean_wav/wav7_200_aslp_zhy_00182.wav 3.66175
