/home/yxhu/work_nfs2/data/test3000_new_data_noisy/wav/speaker133_11341037.wav /home/yxhu/work_nfs/data/clean_wav_16k/speaker133_11341037.wav 10.0774375
/home/yxhu/work_nfs2/data/test3000_new_data_noisy/wav/speaker118_11191008.wav /home/yxhu/work_nfs/data/clean_wav_16k/speaker118_11191008.wav 7.7554375
/home/yxhu/work_nfs2/data/test3000_new_data_noisy/wav/speaker130_11311017.wav /home/yxhu/work_nfs/data/clean_wav_16k/speaker130_11311017.wav 8.4520625
/home/yxhu/work_nfs2/data/test3000_new_data_noisy/wav/roboo_wav_16k_016358.wav /home/yxhu/work_nfs/data/clean_wav_16k/roboo_wav_16k_016358.wav 3.22125
/home/yxhu/work_nfs2/data/test3000_new_data_noisy/wav/MMDB0_MMDB0_SX357.wav /home/yxhu/work_nfs/data/clean_wav_16k/MMDB0_MMDB0_SX357.wav 3.161625
/home/yxhu/work_nfs2/data/test3000_new_data_noisy/wav/FCAJ0_FCAJ0_SI849.wav /home/yxhu/work_nfs/data/clean_wav_16k/FCAJ0_FCAJ0_SI849.wav 3.4944375
/home/yxhu/work_nfs2/data/test3000_new_data_noisy/wav/MDEF0_MDEF0_SX393.wav /home/yxhu/work_nfs/data/clean_wav_16k/MDEF0_MDEF0_SX393.wav 2.041625
/home/yxhu/work_nfs2/data/test3000_new_data_noisy/wav/speaker093_10941039.wav /home/yxhu/work_nfs/data/clean_wav_16k/speaker093_10941039.wav 8.5681875
/home/yxhu/work_nfs2/data/test3000_new_data_noisy/wav/MRCG0_MRCG0_SX78.wav /home/yxhu/work_nfs/data/clean_wav_16k/MRCG0_MRCG0_SX78.wav 3.4688125
/home/yxhu/work_nfs2/data/test3000_new_data_noisy/wav/speaker106_11071007.wav /home/yxhu/work_nfs/data/clean_wav_16k/speaker106_11071007.wav 9.84525
/home/yxhu/work_nfs2/data/test3000_new_data_noisy/wav/roboo_wav_16k_020339.wav /home/yxhu/work_nfs/data/clean_wav_16k/roboo_wav_16k_020339.wav 3.797375
/home/yxhu/work_nfs2/data/test3000_new_data_noisy/wav/speaker106_11071035.wav /home/yxhu/work_nfs/data/clean_wav_16k/speaker106_11071035.wav 14.2570625
/home/yxhu/work_nfs2/data/test3000_new_data_noisy/wav/speaker136_11371022.wav /home/yxhu/work_nfs/data/clean_wav_16k/speaker136_11371022.wav 10.1703125
/home/yxhu/work_nfs2/data/test3000_new_data_noisy/wav/roboo_wav_16k_008342.wav /home/yxhu/work_nfs/data/clean_wav_16k/roboo_wav_16k_008342.wav 4.75075
/home/yxhu/work_nfs2/data/test3000_new_data_noisy/wav/speaker013_10141023.wav /home/yxhu/work_nfs/data/clean_wav_16k/speaker013_10141023.wav 8.034125
/home/yxhu/work_nfs2/data/test3000_new_data_noisy/wav/MRDM0_MRDM0_SI965.wav /home/yxhu/work_nfs/data/clean_wav_16k/MRDM0_MRDM0_SI965.wav 2.745625
/home/yxhu/work_nfs2/data/test3000_new_data_noisy/wav/speaker039_10401002.wav /home/yxhu/work_nfs/data/clean_wav_16k/speaker039_10401002.wav 8.6378125
/home/yxhu/work_nfs2/data/test3000_new_data_noisy/wav/speaker145_11461023.wav /home/yxhu/work_nfs/data/clean_wav_16k/speaker145_11461023.wav 10.449
/home/yxhu/work_nfs2/data/test3000_new_data_noisy/wav/roboo_wav_16k_004408.wav /home/yxhu/work_nfs/data/clean_wav_16k/roboo_wav_16k_004408.wav 2.8955
/home/yxhu/work_nfs2/data/test3000_new_data_noisy/wav/wav_200_0185.wav /home/yxhu/work_nfs/data/clean_wav_16k/wav_200_0185.wav 7.12
/home/yxhu/work_nfs2/data/test3000_new_data_noisy/wav/speaker040_10411011.wav /home/yxhu/work_nfs/data/clean_wav_16k/speaker040_10411011.wav 7.8715625
/home/yxhu/work_nfs2/data/test3000_new_data_noisy/wav/speaker075_10761017.wav /home/yxhu/work_nfs/data/clean_wav_16k/speaker075_10761017.wav 9.68275
/home/yxhu/work_nfs2/data/test3000_new_data_noisy/wav/roboo_wav_16k_033487.wav /home/yxhu/work_nfs/data/clean_wav_16k/roboo_wav_16k_033487.wav 3.86
/home/yxhu/work_nfs2/data/test3000_new_data_noisy/wav/roboo_wav_16k_023484.wav /home/yxhu/work_nfs/data/clean_wav_16k/roboo_wav_16k_023484.wav 4.22
/home/yxhu/work_nfs2/data/test3000_new_data_noisy/wav/MKRG0_MKRG0_SX411.wav /home/yxhu/work_nfs/data/clean_wav_16k/MKRG0_MKRG0_SX411.wav 2.56
/home/yxhu/work_nfs2/data/test3000_new_data_noisy/wav/speaker017_10181035.wav /home/yxhu/work_nfs/data/clean_wav_16k/speaker017_10181035.wav 7.616125
/home/yxhu/work_nfs2/data/test3000_new_data_noisy/wav/speaker045_10461030.wav /home/yxhu/work_nfs/data/clean_wav_16k/speaker045_10461030.wav 8.31275
/home/yxhu/work_nfs2/data/test3000_new_data_noisy/wav/MCLM0_MCLM0_SI2086.wav /home/yxhu/work_nfs/data/clean_wav_16k/MCLM0_MCLM0_SI2086.wav 2.745625
/home/yxhu/work_nfs2/data/test3000_new_data_noisy/wav/MTJS0_MTJS0_SI1822.wav /home/yxhu/work_nfs/data/clean_wav_16k/MTJS0_MTJS0_SI1822.wav 5.81125
/home/yxhu/work_nfs2/data/test3000_new_data_noisy/wav/speaker047_10481013.wav /home/yxhu/work_nfs/data/clean_wav_16k/speaker047_10481013.wav 12.631625
/home/yxhu/work_nfs2/data/test3000_new_data_noisy/wav/speaker020_10211023.wav /home/yxhu/work_nfs/data/clean_wav_16k/speaker020_10211023.wav 10.5883125
/home/yxhu/work_nfs2/data/test3000_new_data_noisy/wav/roboo_wav_16k_009310.wav /home/yxhu/work_nfs/data/clean_wav_16k/roboo_wav_16k_009310.wav 4.5650625
/home/yxhu/work_nfs2/data/test3000_new_data_noisy/wav/speaker139_11401014.wav /home/yxhu/work_nfs/data/clean_wav_16k/speaker139_11401014.wav 6.6176875
/home/yxhu/work_nfs2/data/test3000_new_data_noisy/wav/roboo_wav_16k_033494.wav /home/yxhu/work_nfs/data/clean_wav_16k/roboo_wav_16k_033494.wav 2.49
/home/yxhu/work_nfs2/data/test3000_new_data_noisy/wav/FJSK0_FJSK0_SI1052.wav /home/yxhu/work_nfs/data/clean_wav_16k/FJSK0_FJSK0_SI1052.wav 4.6144375
/home/yxhu/work_nfs2/data/test3000_new_data_noisy/wav/roboo_wav_16k_009356.wav /home/yxhu/work_nfs/data/clean_wav_16k/roboo_wav_16k_009356.wav 3.3360625
/home/yxhu/work_nfs2/data/test3000_new_data_noisy/wav/MMEA0_MMEA0_SI758.wav /home/yxhu/work_nfs/data/clean_wav_16k/MMEA0_MMEA0_SI758.wav 3.82725
/home/yxhu/work_nfs2/data/test3000_new_data_noisy/wav/wav_200_0004.wav /home/yxhu/work_nfs/data/clean_wav_16k/wav_200_0004.wav 13.15
/home/yxhu/work_nfs2/data/test3000_new_data_noisy/wav/wav2_200_00087.wav /home/yxhu/work_nfs/data/clean_wav_16k/wav2_200_00087.wav 8.62
/home/yxhu/work_nfs2/data/test3000_new_data_noisy/wav/zte_wav_16k_input_008_000007.wav /home/yxhu/work_nfs/data/clean_wav_16k/zte_wav_16k_input_008_000007.wav 8.3119375
/home/yxhu/work_nfs2/data/test3000_new_data_noisy/wav/roboo_wav_16k_003355.wav /home/yxhu/work_nfs/data/clean_wav_16k/roboo_wav_16k_003355.wav 2.2121875
/home/yxhu/work_nfs2/data/test3000_new_data_noisy/wav/roboo_wav_16k_018487.wav /home/yxhu/work_nfs/data/clean_wav_16k/roboo_wav_16k_018487.wav 3.4069375
/home/yxhu/work_nfs2/data/test3000_new_data_noisy/wav/MHJB0_MHJB0_SI1647.wav /home/yxhu/work_nfs/data/clean_wav_16k/MHJB0_MHJB0_SI1647.wav 2.905625
/home/yxhu/work_nfs2/data/test3000_new_data_noisy/wav/roboo_wav_16k_022436.wav /home/yxhu/work_nfs/data/clean_wav_16k/roboo_wav_16k_022436.wav 2.6145625
/home/yxhu/work_nfs2/data/test3000_new_data_noisy/wav/speaker083_10841016.wav /home/yxhu/work_nfs/data/clean_wav_16k/speaker083_10841016.wav 8.800375
/home/yxhu/work_nfs2/data/test3000_new_data_noisy/wav/MGAR0_MGAR0_SX132.wav /home/yxhu/work_nfs/data/clean_wav_16k/MGAR0_MGAR0_SX132.wav 2.9824375
/home/yxhu/work_nfs2/data/test3000_new_data_noisy/wav/speaker051_10521018.wav /home/yxhu/work_nfs/data/clean_wav_16k/speaker051_10521018.wav 9.9149375
/home/yxhu/work_nfs2/data/test3000_new_data_noisy/wav/speaker182_11831025.wav /home/yxhu/work_nfs/data/clean_wav_16k/speaker182_11831025.wav 6.8963125
/home/yxhu/work_nfs2/data/test3000_new_data_noisy/wav/MAPV0_MAPV0_SI663.wav /home/yxhu/work_nfs/data/clean_wav_16k/MAPV0_MAPV0_SI663.wav 4.505625
/home/yxhu/work_nfs2/data/test3000_new_data_noisy/wav/roboo_wav_16k_012390.wav /home/yxhu/work_nfs/data/clean_wav_16k/roboo_wav_16k_012390.wav 3.6725
/home/yxhu/work_nfs2/data/test3000_new_data_noisy/wav/MPRK0_MPRK0_SI1097.wav /home/yxhu/work_nfs/data/clean_wav_16k/MPRK0_MPRK0_SI1097.wav 6.0224375
/home/yxhu/work_nfs2/data/test3000_new_data_noisy/wav/speaker065_10661024.wav /home/yxhu/work_nfs/data/clean_wav_16k/speaker065_10661024.wav 9.26475
/home/yxhu/work_nfs2/data/test3000_new_data_noisy/wav/wav3_200_000159.wav /home/yxhu/work_nfs/data/clean_wav_16k/wav3_200_000159.wav 5.394
/home/yxhu/work_nfs2/data/test3000_new_data_noisy/wav/roboo_wav_16k_003471.wav /home/yxhu/work_nfs/data/clean_wav_16k/roboo_wav_16k_003471.wav 2.9805625
/home/yxhu/work_nfs2/data/test3000_new_data_noisy/wav/roboo_wav_16k_032364.wav /home/yxhu/work_nfs/data/clean_wav_16k/roboo_wav_16k_032364.wav 3.93
/home/yxhu/work_nfs2/data/test3000_new_data_noisy/wav/roboo_wav_16k_032317.wav /home/yxhu/work_nfs/data/clean_wav_16k/roboo_wav_16k_032317.wav 2.63
/home/yxhu/work_nfs2/data/test3000_new_data_noisy/wav/MILB0_MILB0_SX93.wav /home/yxhu/work_nfs/data/clean_wav_16k/MILB0_MILB0_SX93.wav 1.9648125
/home/yxhu/work_nfs2/data/test3000_new_data_noisy/wav/speaker121_11221014.wav /home/yxhu/work_nfs/data/clean_wav_16k/speaker121_11221014.wav 9.8916875
/home/yxhu/work_nfs2/data/test3000_new_data_noisy/wav/roboo_wav_16k_013390.wav /home/yxhu/work_nfs/data/clean_wav_16k/roboo_wav_16k_013390.wav 3.0304375
/home/yxhu/work_nfs2/data/test3000_new_data_noisy/wav/wav2_200_00144.wav /home/yxhu/work_nfs/data/clean_wav_16k/wav2_200_00144.wav 7.9900625
/home/yxhu/work_nfs2/data/test3000_new_data_noisy/wav/roboo_wav_16k_004301.wav /home/yxhu/work_nfs/data/clean_wav_16k/roboo_wav_16k_004301.wav 2.937375
/home/yxhu/work_nfs2/data/test3000_new_data_noisy/wav/speaker164_11651018.wav /home/yxhu/work_nfs/data/clean_wav_16k/speaker164_11651018.wav 6.664125
/home/yxhu/work_nfs2/data/test3000_new_data_noisy/wav/MBMA0_MBMA0_SI592.wav /home/yxhu/work_nfs/data/clean_wav_16k/MBMA0_MBMA0_SI592.wav 1.4848125
/home/yxhu/work_nfs2/data/test3000_new_data_noisy/wav/speaker004_10051011.wav /home/yxhu/work_nfs/data/clean_wav_16k/speaker004_10051011.wav 8.382375
/home/yxhu/work_nfs2/data/test3000_new_data_noisy/wav/speaker016_10171034.wav /home/yxhu/work_nfs/data/clean_wav_16k/speaker016_10171034.wav 6.9195625
/home/yxhu/work_nfs2/data/test3000_new_data_noisy/wav/speaker137_11381016.wav /home/yxhu/work_nfs/data/clean_wav_16k/speaker137_11381016.wav 8.4985
/home/yxhu/work_nfs2/data/test3000_new_data_noisy/wav/speaker189_11901026.wav /home/yxhu/work_nfs/data/clean_wav_16k/speaker189_11901026.wav 12.260125
/home/yxhu/work_nfs2/data/test3000_new_data_noisy/wav/speaker117_11181027.wav /home/yxhu/work_nfs/data/clean_wav_16k/speaker117_11181027.wav 8.7306875
/home/yxhu/work_nfs2/data/test3000_new_data_noisy/wav/roboo_wav_16k_017394.wav /home/yxhu/work_nfs/data/clean_wav_16k/roboo_wav_16k_017394.wav 4.558
/home/yxhu/work_nfs2/data/test3000_new_data_noisy/wav/speaker163_11641012.wav /home/yxhu/work_nfs/data/clean_wav_16k/speaker163_11641012.wav 10.4721875
/home/yxhu/work_nfs2/data/test3000_new_data_noisy/wav/MSAT1_MSAT1_SX173.wav /home/yxhu/work_nfs/data/clean_wav_16k/MSAT1_MSAT1_SX173.wav 3.84
/home/yxhu/work_nfs2/data/test3000_new_data_noisy/wav/zte_wav_16k_input_045_000017.wav /home/yxhu/work_nfs/data/clean_wav_16k/zte_wav_16k_input_045_000017.wav 9.799625
/home/yxhu/work_nfs2/data/test3000_new_data_noisy/wav/speaker190_11911038.wav /home/yxhu/work_nfs/data/clean_wav_16k/speaker190_11911038.wav 8.7075
/home/yxhu/work_nfs2/data/test3000_new_data_noisy/wav/speaker109_11101035.wav /home/yxhu/work_nfs/data/clean_wav_16k/speaker109_11101035.wav 7.7786875
/home/yxhu/work_nfs2/data/test3000_new_data_noisy/wav/roboo_wav_16k_010468.wav /home/yxhu/work_nfs/data/clean_wav_16k/roboo_wav_16k_010468.wav 3.6773125
/home/yxhu/work_nfs2/data/test3000_new_data_noisy/wav/roboo_wav_16k_039368.wav /home/yxhu/work_nfs/data/clean_wav_16k/roboo_wav_16k_039368.wav 5.716
/home/yxhu/work_nfs2/data/test3000_new_data_noisy/wav/FCAJ0_FCAJ0_SX39.wav /home/yxhu/work_nfs/data/clean_wav_16k/FCAJ0_FCAJ0_SX39.wav 2.56
/home/yxhu/work_nfs2/data/test3000_new_data_noisy/wav/roboo_wav_16k_020460.wav /home/yxhu/work_nfs/data/clean_wav_16k/roboo_wav_16k_020460.wav 2.7336875
/home/yxhu/work_nfs2/data/test3000_new_data_noisy/wav/speaker022_10231024.wav /home/yxhu/work_nfs/data/clean_wav_16k/speaker022_10231024.wav 7.5465
/home/yxhu/work_nfs2/data/test3000_new_data_noisy/wav/MHMR0_MHMR0_SX399.wav /home/yxhu/work_nfs/data/clean_wav_16k/MHMR0_MHMR0_SX399.wav 2.4
/home/yxhu/work_nfs2/data/test3000_new_data_noisy/wav/roboo_wav_16k_032336.wav /home/yxhu/work_nfs/data/clean_wav_16k/roboo_wav_16k_032336.wav 3.59
/home/yxhu/work_nfs2/data/test3000_new_data_noisy/wav/speaker049_10501028.wav /home/yxhu/work_nfs/data/clean_wav_16k/speaker049_10501028.wav 8.31275
/home/yxhu/work_nfs2/data/test3000_new_data_noisy/wav/speaker181_11821016.wav /home/yxhu/work_nfs/data/clean_wav_16k/speaker181_11821016.wav 6.5944375
/home/yxhu/work_nfs2/data/test3000_new_data_noisy/wav/speaker043_10441032.wav /home/yxhu/work_nfs/data/clean_wav_16k/speaker043_10441032.wav 8.2663125
/home/yxhu/work_nfs2/data/test3000_new_data_noisy/wav/roboo_wav_16k_033348.wav /home/yxhu/work_nfs/data/clean_wav_16k/roboo_wav_16k_033348.wav 2.17
/home/yxhu/work_nfs2/data/test3000_new_data_noisy/wav/speaker194_11951018.wav /home/yxhu/work_nfs/data/clean_wav_16k/speaker194_11951018.wav 7.2910625
/home/yxhu/work_nfs2/data/test3000_new_data_noisy/wav/MMRP0_MMRP0_SX54.wav /home/yxhu/work_nfs/data/clean_wav_16k/MMRP0_MMRP0_SX54.wav 3.872
/home/yxhu/work_nfs2/data/test3000_new_data_noisy/wav/speaker139_11401007.wav /home/yxhu/work_nfs/data/clean_wav_16k/speaker139_11401007.wav 8.4985
/home/yxhu/work_nfs2/data/test3000_new_data_noisy/wav/roboo_wav_16k_007381.wav /home/yxhu/work_nfs/data/clean_wav_16k/roboo_wav_16k_007381.wav 3.631375
/home/yxhu/work_nfs2/data/test3000_new_data_noisy/wav/speaker074_10751009.wav /home/yxhu/work_nfs/data/clean_wav_16k/speaker074_10751009.wav 10.1006875
/home/yxhu/work_nfs2/data/test3000_new_data_noisy/wav/speaker024_10251031.wav /home/yxhu/work_nfs/data/clean_wav_16k/speaker024_10251031.wav 10.5650625
/home/yxhu/work_nfs2/data/test3000_new_data_noisy/wav/FEAR0_FEAR0_SX262.wav /home/yxhu/work_nfs/data/clean_wav_16k/FEAR0_FEAR0_SX262.wav 2.649625
/home/yxhu/work_nfs2/data/test3000_new_data_noisy/wav/MKDD0_MKDD0_SX397.wav /home/yxhu/work_nfs/data/clean_wav_16k/MKDD0_MKDD0_SX397.wav 3.065625
/home/yxhu/work_nfs2/data/test3000_new_data_noisy/wav/speaker128_11291040.wav /home/yxhu/work_nfs/data/clean_wav_16k/speaker128_11291040.wav 7.7786875
/home/yxhu/work_nfs2/data/test3000_new_data_noisy/wav/speaker131_11321020.wav /home/yxhu/work_nfs/data/clean_wav_16k/speaker131_11321020.wav 11.5403125
/home/yxhu/work_nfs2/data/test3000_new_data_noisy/wav/roboo_wav_16k_001471.wav /home/yxhu/work_nfs/data/clean_wav_16k/roboo_wav_16k_001471.wav 4.50875
/home/yxhu/work_nfs2/data/test3000_new_data_noisy/wav/speaker083_10841014.wav /home/yxhu/work_nfs/data/clean_wav_16k/speaker083_10841014.wav 11.401
/home/yxhu/work_nfs2/data/test3000_new_data_noisy/wav/speaker100_11011037.wav /home/yxhu/work_nfs/data/clean_wav_16k/speaker100_11011037.wav 15.9985625
/home/yxhu/work_nfs2/data/test3000_new_data_noisy/wav/speaker016_10171039.wav /home/yxhu/work_nfs/data/clean_wav_16k/speaker016_10171039.wav 7.918
/home/yxhu/work_nfs2/data/test3000_new_data_noisy/wav/zte_wav_16k_input_027_000006.wav /home/yxhu/work_nfs/data/clean_wav_16k/zte_wav_16k_input_027_000006.wav 5.999375
/home/yxhu/work_nfs2/data/test3000_new_data_noisy/wav/MJDG0_MJDG0_SX322.wav /home/yxhu/work_nfs/data/clean_wav_16k/MJDG0_MJDG0_SX322.wav 2.2784375
/home/yxhu/work_nfs2/data/test3000_new_data_noisy/wav/MDLH0_MDLH0_SI700.wav /home/yxhu/work_nfs/data/clean_wav_16k/MDLH0_MDLH0_SI700.wav 3.76325
/home/yxhu/work_nfs2/data/test3000_new_data_noisy/wav/speaker145_11461016.wav /home/yxhu/work_nfs/data/clean_wav_16k/speaker145_11461016.wav 12.283375
/home/yxhu/work_nfs2/data/test3000_new_data_noisy/wav/zte_wav_16k_input_011_000006.wav /home/yxhu/work_nfs/data/clean_wav_16k/zte_wav_16k_input_011_000006.wav 7.6619375
/home/yxhu/work_nfs2/data/test3000_new_data_noisy/wav/speaker010_10111016.wav /home/yxhu/work_nfs/data/clean_wav_16k/speaker010_10111016.wav 9.63625
/home/yxhu/work_nfs2/data/test3000_new_data_noisy/wav/roboo_wav_16k_018364.wav /home/yxhu/work_nfs/data/clean_wav_16k/roboo_wav_16k_018364.wav 2.0961875
/home/yxhu/work_nfs2/data/test3000_new_data_noisy/wav/speaker147_11481029.wav /home/yxhu/work_nfs/data/clean_wav_16k/speaker147_11481029.wav 10.3096875
/home/yxhu/work_nfs2/data/test3000_new_data_noisy/wav/speaker179_11801035.wav /home/yxhu/work_nfs/data/clean_wav_16k/speaker179_11801035.wav 16.695125
/home/yxhu/work_nfs2/data/test3000_new_data_noisy/wav/roboo_wav_16k_022490.wav /home/yxhu/work_nfs/data/clean_wav_16k/roboo_wav_16k_022490.wav 2.655375
/home/yxhu/work_nfs2/data/test3000_new_data_noisy/wav/speaker096_10971007.wav /home/yxhu/work_nfs/data/clean_wav_16k/speaker096_10971007.wav 9.5201875
/home/yxhu/work_nfs2/data/test3000_new_data_noisy/wav/roboo_wav_16k_019406.wav /home/yxhu/work_nfs/data/clean_wav_16k/roboo_wav_16k_019406.wav 3.84675
/home/yxhu/work_nfs2/data/test3000_new_data_noisy/wav/roboo_wav_16k_033334.wav /home/yxhu/work_nfs/data/clean_wav_16k/roboo_wav_16k_033334.wav 2.82
/home/yxhu/work_nfs2/data/test3000_new_data_noisy/wav/wav2_200_00198.wav /home/yxhu/work_nfs/data/clean_wav_16k/wav2_200_00198.wav 7.709125
/home/yxhu/work_nfs2/data/test3000_new_data_noisy/wav/zte_wav_16k_input_069_000018.wav /home/yxhu/work_nfs/data/clean_wav_16k/zte_wav_16k_input_069_000018.wav 6.014625
/home/yxhu/work_nfs2/data/test3000_new_data_noisy/wav/roboo_wav_16k_033442.wav /home/yxhu/work_nfs/data/clean_wav_16k/roboo_wav_16k_033442.wav 3.43
/home/yxhu/work_nfs2/data/test3000_new_data_noisy/wav/FLOD0_FLOD0_SX297.wav /home/yxhu/work_nfs/data/clean_wav_16k/FLOD0_FLOD0_SX297.wav 1.97125
/home/yxhu/work_nfs2/data/test3000_new_data_noisy/wav/roboo_wav_16k_000381.wav /home/yxhu/work_nfs/data/clean_wav_16k/roboo_wav_16k_000381.wav 5.4155
/home/yxhu/work_nfs2/data/test3000_new_data_noisy/wav/speaker013_10141015.wav /home/yxhu/work_nfs/data/clean_wav_16k/speaker013_10141015.wav 7.0124375
/home/yxhu/work_nfs2/data/test3000_new_data_noisy/wav/roboo_wav_16k_001483.wav /home/yxhu/work_nfs/data/clean_wav_16k/roboo_wav_16k_001483.wav 2.7825625
/home/yxhu/work_nfs2/data/test3000_new_data_noisy/wav/roboo_wav_16k_010354.wav /home/yxhu/work_nfs/data/clean_wav_16k/roboo_wav_16k_010354.wav 2.1450625
/home/yxhu/work_nfs2/data/test3000_new_data_noisy/wav/roboo_wav_16k_016337.wav /home/yxhu/work_nfs/data/clean_wav_16k/roboo_wav_16k_016337.wav 3.3370625
/home/yxhu/work_nfs2/data/test3000_new_data_noisy/wav/zte_wav_16k_input_007_000029.wav /home/yxhu/work_nfs/data/clean_wav_16k/zte_wav_16k_input_007_000029.wav 7.4393125
/home/yxhu/work_nfs2/data/test3000_new_data_noisy/wav/roboo_wav_16k_022368.wav /home/yxhu/work_nfs/data/clean_wav_16k/roboo_wav_16k_022368.wav 3.6295
/home/yxhu/work_nfs2/data/test3000_new_data_noisy/wav/speaker061_10621029.wav /home/yxhu/work_nfs/data/clean_wav_16k/speaker061_10621029.wav 7.3143125
/home/yxhu/work_nfs2/data/test3000_new_data_noisy/wav/FLJA0_FLJA0_SX448.wav /home/yxhu/work_nfs/data/clean_wav_16k/FLJA0_FLJA0_SX448.wav 2.83525
/home/yxhu/work_nfs2/data/test3000_new_data_noisy/wav/speaker189_11901023.wav /home/yxhu/work_nfs/data/clean_wav_16k/speaker189_11901023.wav 11.4706875
/home/yxhu/work_nfs2/data/test3000_new_data_noisy/wav/roboo_wav_16k_033437.wav /home/yxhu/work_nfs/data/clean_wav_16k/roboo_wav_16k_033437.wav 3.05
/home/yxhu/work_nfs2/data/test3000_new_data_noisy/wav/speaker107_11081031.wav /home/yxhu/work_nfs/data/clean_wav_16k/speaker107_11081031.wav 8.31275
/home/yxhu/work_nfs2/data/test3000_new_data_noisy/wav/speaker038_10391030.wav /home/yxhu/work_nfs/data/clean_wav_16k/speaker038_10391030.wav 15.8824375
/home/yxhu/work_nfs2/data/test3000_new_data_noisy/wav/roboo_wav_16k_009415.wav /home/yxhu/work_nfs/data/clean_wav_16k/roboo_wav_16k_009415.wav 3.171875
/home/yxhu/work_nfs2/data/test3000_new_data_noisy/wav/zte_wav_16k_input_063_000007.wav /home/yxhu/work_nfs/data/clean_wav_16k/zte_wav_16k_input_063_000007.wav 9.788625
/home/yxhu/work_nfs2/data/test3000_new_data_noisy/wav/speaker189_11901039.wav /home/yxhu/work_nfs/data/clean_wav_16k/speaker189_11901039.wav 9.9845625
/home/yxhu/work_nfs2/data/test3000_new_data_noisy/wav/FDHC0_FDHC0_SX119.wav /home/yxhu/work_nfs/data/clean_wav_16k/FDHC0_FDHC0_SX119.wav 3.02725
/home/yxhu/work_nfs2/data/test3000_new_data_noisy/wav/speaker061_10601031.wav /home/yxhu/work_nfs/data/clean_wav_16k/speaker061_10601031.wav 8.127
/home/yxhu/work_nfs2/data/test3000_new_data_noisy/wav/roboo_wav_16k_014353.wav /home/yxhu/work_nfs/data/clean_wav_16k/roboo_wav_16k_014353.wav 4.248875
/home/yxhu/work_nfs2/data/test3000_new_data_noisy/wav/speaker057_10581024.wav /home/yxhu/work_nfs/data/clean_wav_16k/speaker057_10581024.wav 8.10375
/home/yxhu/work_nfs2/data/test3000_new_data_noisy/wav/roboo_wav_16k_039477.wav /home/yxhu/work_nfs/data/clean_wav_16k/roboo_wav_16k_039477.wav 4.34
/home/yxhu/work_nfs2/data/test3000_new_data_noisy/wav/roboo_wav_16k_008386.wav /home/yxhu/work_nfs/data/clean_wav_16k/roboo_wav_16k_008386.wav 2.654625
/home/yxhu/work_nfs2/data/test3000_new_data_noisy/wav/roboo_wav_16k_019363.wav /home/yxhu/work_nfs/data/clean_wav_16k/roboo_wav_16k_019363.wav 3.2896875
/home/yxhu/work_nfs2/data/test3000_new_data_noisy/wav/MJLB0_MJLB0_SX176.wav /home/yxhu/work_nfs/data/clean_wav_16k/MJLB0_MJLB0_SX176.wav 3.5584375
/home/yxhu/work_nfs2/data/test3000_new_data_noisy/wav/speaker027_10281008.wav /home/yxhu/work_nfs/data/clean_wav_16k/speaker027_10281008.wav 8.2895
/home/yxhu/work_nfs2/data/test3000_new_data_noisy/wav/roboo_wav_16k_008359.wav /home/yxhu/work_nfs/data/clean_wav_16k/roboo_wav_16k_008359.wav 3.0270625
/home/yxhu/work_nfs2/data/test3000_new_data_noisy/wav/MCEW0_MCEW0_SX92.wav /home/yxhu/work_nfs/data/clean_wav_16k/MCEW0_MCEW0_SX92.wav 3.385625
/home/yxhu/work_nfs2/data/test3000_new_data_noisy/wav/speaker042_10431022.wav /home/yxhu/work_nfs/data/clean_wav_16k/speaker042_10431022.wav 8.127
/home/yxhu/work_nfs2/data/test3000_new_data_noisy/wav/roboo_wav_16k_003437.wav /home/yxhu/work_nfs/data/clean_wav_16k/roboo_wav_16k_003437.wav 3.9834375
/home/yxhu/work_nfs2/data/test3000_new_data_noisy/wav/wav6_200_100025.wav /home/yxhu/work_nfs/data/clean_wav_16k/wav6_200_100025.wav 5.2765625
/home/yxhu/work_nfs2/data/test3000_new_data_noisy/wav/wav5_200_16k_107171.wav /home/yxhu/work_nfs/data/clean_wav_16k/wav5_200_16k_107171.wav 2.42
/home/yxhu/work_nfs2/data/test3000_new_data_noisy/wav/speaker045_10461016.wav /home/yxhu/work_nfs/data/clean_wav_16k/speaker045_10461016.wav 8.1734375
/home/yxhu/work_nfs2/data/test3000_new_data_noisy/wav/speaker178_11791024.wav /home/yxhu/work_nfs/data/clean_wav_16k/speaker178_11791024.wav 9.2183125
/home/yxhu/work_nfs2/data/test3000_new_data_noisy/wav/speaker043_10441001.wav /home/yxhu/work_nfs/data/clean_wav_16k/speaker043_10441001.wav 9.775625
/home/yxhu/work_nfs2/data/test3000_new_data_noisy/wav/speaker028_10291028.wav /home/yxhu/work_nfs/data/clean_wav_16k/speaker028_10291028.wav 7.5000625
/home/yxhu/work_nfs2/data/test3000_new_data_noisy/wav/zte_wav_16k_input_032_000004.wav /home/yxhu/work_nfs/data/clean_wav_16k/zte_wav_16k_input_032_000004.wav 10.56975
/home/yxhu/work_nfs2/data/test3000_new_data_noisy/wav/speaker175_11761021.wav /home/yxhu/work_nfs/data/clean_wav_16k/speaker175_11761021.wav 11.1455625
/home/yxhu/work_nfs2/data/test3000_new_data_noisy/wav/speaker155_11561005.wav /home/yxhu/work_nfs/data/clean_wav_16k/speaker155_11561005.wav 10.3096875
/home/yxhu/work_nfs2/data/test3000_new_data_noisy/wav/roboo_wav_16k_014335.wav /home/yxhu/work_nfs/data/clean_wav_16k/roboo_wav_16k_014335.wav 3.152875
/home/yxhu/work_nfs2/data/test3000_new_data_noisy/wav/zte_wav_16k_input_071_000013.wav /home/yxhu/work_nfs/data/clean_wav_16k/zte_wav_16k_input_071_000013.wav 6.949375
/home/yxhu/work_nfs2/data/test3000_new_data_noisy/wav/roboo_wav_16k_016499.wav /home/yxhu/work_nfs/data/clean_wav_16k/roboo_wav_16k_016499.wav 4.0901875
/home/yxhu/work_nfs2/data/test3000_new_data_noisy/wav/speaker120_11211011.wav /home/yxhu/work_nfs/data/clean_wav_16k/speaker120_11211011.wav 10.9598125
/home/yxhu/work_nfs2/data/test3000_new_data_noisy/wav/FPAC0_FPAC0_SX391.wav /home/yxhu/work_nfs/data/clean_wav_16k/FPAC0_FPAC0_SX391.wav 2.4
/home/yxhu/work_nfs2/data/test3000_new_data_noisy/wav/zte_wav_16k_input_019_000009.wav /home/yxhu/work_nfs/data/clean_wav_16k/zte_wav_16k_input_019_000009.wav 9.3019375
/home/yxhu/work_nfs2/data/test3000_new_data_noisy/wav/MDLR1_MDLR1_SX39.wav /home/yxhu/work_nfs/data/clean_wav_16k/MDLR1_MDLR1_SX39.wav 2.9824375
/home/yxhu/work_nfs2/data/test3000_new_data_noisy/wav/roboo_wav_16k_026324.wav /home/yxhu/work_nfs/data/clean_wav_16k/roboo_wav_16k_026324.wav 2.512125
/home/yxhu/work_nfs2/data/test3000_new_data_noisy/wav/speaker069_10701025.wav /home/yxhu/work_nfs/data/clean_wav_16k/speaker069_10701025.wav 8.1734375
/home/yxhu/work_nfs2/data/test3000_new_data_noisy/wav/roboo_wav_16k_008487.wav /home/yxhu/work_nfs/data/clean_wav_16k/roboo_wav_16k_008487.wav 3.3149375
/home/yxhu/work_nfs2/data/test3000_new_data_noisy/wav/FKAA0_FKAA0_SX38.wav /home/yxhu/work_nfs/data/clean_wav_16k/FKAA0_FKAA0_SX38.wav 3.744
/home/yxhu/work_nfs2/data/test3000_new_data_noisy/wav/roboo_wav_16k_022340.wav /home/yxhu/work_nfs/data/clean_wav_16k/roboo_wav_16k_022340.wav 2.542875
/home/yxhu/work_nfs2/data/test3000_new_data_noisy/wav/roboo_wav_16k_017348.wav /home/yxhu/work_nfs/data/clean_wav_16k/roboo_wav_16k_017348.wav 3.9521875
/home/yxhu/work_nfs2/data/test3000_new_data_noisy/wav/MTAS1_MTAS1_SI2098.wav /home/yxhu/work_nfs/data/clean_wav_16k/MTAS1_MTAS1_SI2098.wav 3.1808125
/home/yxhu/work_nfs2/data/test3000_new_data_noisy/wav/speaker163_11641002.wav /home/yxhu/work_nfs/data/clean_wav_16k/speaker163_11641002.wav 10.4721875
/home/yxhu/work_nfs2/data/test3000_new_data_noisy/wav/MRJB1_MRJB1_SI1020.wav /home/yxhu/work_nfs/data/clean_wav_16k/MRJB1_MRJB1_SI1020.wav 3.609625
/home/yxhu/work_nfs2/data/test3000_new_data_noisy/wav/roboo_wav_16k_018435.wav /home/yxhu/work_nfs/data/clean_wav_16k/roboo_wav_16k_018435.wav 5.2536875
/home/yxhu/work_nfs2/data/test3000_new_data_noisy/wav/roboo_wav_16k_021449.wav /home/yxhu/work_nfs/data/clean_wav_16k/roboo_wav_16k_021449.wav 3.47
/home/yxhu/work_nfs2/data/test3000_new_data_noisy/wav/speaker182_11831027.wav /home/yxhu/work_nfs/data/clean_wav_16k/speaker182_11831027.wav 10.727625
/home/yxhu/work_nfs2/data/test3000_new_data_noisy/wav/MBMA1_MBMA1_SX54.wav /home/yxhu/work_nfs/data/clean_wav_16k/MBMA1_MBMA1_SX54.wav 3.833625
/home/yxhu/work_nfs2/data/test3000_new_data_noisy/wav/speaker033_10341016.wav /home/yxhu/work_nfs/data/clean_wav_16k/speaker033_10341016.wav 7.244625
/home/yxhu/work_nfs2/data/test3000_new_data_noisy/wav/speaker014_10151005.wav /home/yxhu/work_nfs/data/clean_wav_16k/speaker014_10151005.wav 7.94125
/home/yxhu/work_nfs2/data/test3000_new_data_noisy/wav/speaker080_10811003.wav /home/yxhu/work_nfs/data/clean_wav_16k/speaker080_10811003.wav 7.3375
/home/yxhu/work_nfs2/data/test3000_new_data_noisy/wav/roboo_wav_16k_020307.wav /home/yxhu/work_nfs/data/clean_wav_16k/roboo_wav_16k_020307.wav 3.5509375
/home/yxhu/work_nfs2/data/test3000_new_data_noisy/wav/speaker116_11171004.wav /home/yxhu/work_nfs/data/clean_wav_16k/speaker116_11171004.wav 8.777125
/home/yxhu/work_nfs2/data/test3000_new_data_noisy/wav/speaker032_10331018.wav /home/yxhu/work_nfs/data/clean_wav_16k/speaker032_10331018.wav 11.9815
/home/yxhu/work_nfs2/data/test3000_new_data_noisy/wav/roboo_wav_16k_007419.wav /home/yxhu/work_nfs/data/clean_wav_16k/roboo_wav_16k_007419.wav 2.6449375
/home/yxhu/work_nfs2/data/test3000_new_data_noisy/wav/speaker008_10091005.wav /home/yxhu/work_nfs/data/clean_wav_16k/speaker008_10091005.wav 10.2864375
/home/yxhu/work_nfs2/data/test3000_new_data_noisy/wav/roboo_wav_16k_019471.wav /home/yxhu/work_nfs/data/clean_wav_16k/roboo_wav_16k_019471.wav 4.6789375
/home/yxhu/work_nfs2/data/test3000_new_data_noisy/wav/speaker050_10511032.wav /home/yxhu/work_nfs/data/clean_wav_16k/speaker050_10511032.wav 8.68425
/home/yxhu/work_nfs2/data/test3000_new_data_noisy/wav/speaker094_10951012.wav /home/yxhu/work_nfs/data/clean_wav_16k/speaker094_10951012.wav 7.5000625
/home/yxhu/work_nfs2/data/test3000_new_data_noisy/wav/FBCH0_FBCH0_SX416.wav /home/yxhu/work_nfs/data/clean_wav_16k/FBCH0_FBCH0_SX416.wav 3.8208125
/home/yxhu/work_nfs2/data/test3000_new_data_noisy/wav/MKDD0_MKDD0_SI937.wav /home/yxhu/work_nfs/data/clean_wav_16k/MKDD0_MKDD0_SI937.wav 4.1408125
/home/yxhu/work_nfs2/data/test3000_new_data_noisy/wav/speaker136_11371019.wav /home/yxhu/work_nfs/data/clean_wav_16k/speaker136_11371019.wav 9.938125
/home/yxhu/work_nfs2/data/test3000_new_data_noisy/wav/MMWS0_MMWS0_SX438.wav /home/yxhu/work_nfs/data/clean_wav_16k/MMWS0_MMWS0_SX438.wav 3.95525
/home/yxhu/work_nfs2/data/test3000_new_data_noisy/wav/roboo_wav_16k_009483.wav /home/yxhu/work_nfs/data/clean_wav_16k/roboo_wav_16k_009483.wav 4.5970625
/home/yxhu/work_nfs2/data/test3000_new_data_noisy/wav/FPKT0_FPKT0_SX8.wav /home/yxhu/work_nfs/data/clean_wav_16k/FPKT0_FPKT0_SX8.wav 2.816
/home/yxhu/work_nfs2/data/test3000_new_data_noisy/wav/roboo_wav_16k_011362.wav /home/yxhu/work_nfs/data/clean_wav_16k/roboo_wav_16k_011362.wav 4.47
/home/yxhu/work_nfs2/data/test3000_new_data_noisy/wav/speaker160_11611016.wav /home/yxhu/work_nfs/data/clean_wav_16k/speaker160_11611016.wav 8.2895
/home/yxhu/work_nfs2/data/test3000_new_data_noisy/wav/roboo_wav_16k_019500.wav /home/yxhu/work_nfs/data/clean_wav_16k/roboo_wav_16k_019500.wav 5.3190625
/home/yxhu/work_nfs2/data/test3000_new_data_noisy/wav/speaker186_11871031.wav /home/yxhu/work_nfs/data/clean_wav_16k/speaker186_11871031.wav 10.936625
/home/yxhu/work_nfs2/data/test3000_new_data_noisy/wav/roboo_wav_16k_004468.wav /home/yxhu/work_nfs/data/clean_wav_16k/roboo_wav_16k_004468.wav 2.6730625
/home/yxhu/work_nfs2/data/test3000_new_data_noisy/wav/MMEA0_MMEA0_SI1388.wav /home/yxhu/work_nfs/data/clean_wav_16k/MMEA0_MMEA0_SI1388.wav 3.577625
/home/yxhu/work_nfs2/data/test3000_new_data_noisy/wav/MMWS0_MMWS0_SI559.wav /home/yxhu/work_nfs/data/clean_wav_16k/MMWS0_MMWS0_SI559.wav 2.009625
/home/yxhu/work_nfs2/data/test3000_new_data_noisy/wav/roboo_wav_16k_024375.wav /home/yxhu/work_nfs/data/clean_wav_16k/roboo_wav_16k_024375.wav 3.7940625
/home/yxhu/work_nfs2/data/test3000_new_data_noisy/wav/MDSS1_MDSS1_SI1713.wav /home/yxhu/work_nfs/data/clean_wav_16k/MDSS1_MDSS1_SI1713.wav 1.5104375
/home/yxhu/work_nfs2/data/test3000_new_data_noisy/wav/speaker173_11741007.wav /home/yxhu/work_nfs/data/clean_wav_16k/speaker173_11741007.wav 10.84375
/home/yxhu/work_nfs2/data/test3000_new_data_noisy/wav/speaker079_10801018.wav /home/yxhu/work_nfs/data/clean_wav_16k/speaker079_10801018.wav 20.4103125
/home/yxhu/work_nfs2/data/test3000_new_data_noisy/wav/roboo_wav_16k_039354.wav /home/yxhu/work_nfs/data/clean_wav_16k/roboo_wav_16k_039354.wav 4.17
/home/yxhu/work_nfs2/data/test3000_new_data_noisy/wav/roboo_wav_16k_005411.wav /home/yxhu/work_nfs/data/clean_wav_16k/roboo_wav_16k_005411.wav 3.7655625
/home/yxhu/work_nfs2/data/test3000_new_data_noisy/wav/roboo_wav_16k_005325.wav /home/yxhu/work_nfs/data/clean_wav_16k/roboo_wav_16k_005325.wav 4.465875
/home/yxhu/work_nfs2/data/test3000_new_data_noisy/wav/speaker164_11651039.wav /home/yxhu/work_nfs/data/clean_wav_16k/speaker164_11651039.wav 9.0325625
/home/yxhu/work_nfs2/data/test3000_new_data_noisy/wav/FDFB0_FDFB0_SI1948.wav /home/yxhu/work_nfs/data/clean_wav_16k/FDFB0_FDFB0_SI1948.wav 1.6
/home/yxhu/work_nfs2/data/test3000_new_data_noisy/wav/speaker029_10301007.wav /home/yxhu/work_nfs/data/clean_wav_16k/speaker029_10301007.wav 8.010875
/home/yxhu/work_nfs2/data/test3000_new_data_noisy/wav/speaker172_11731019.wav /home/yxhu/work_nfs/data/clean_wav_16k/speaker172_11731019.wav 7.5929375
/home/yxhu/work_nfs2/data/test3000_new_data_noisy/wav/wav2_200_00107.wav /home/yxhu/work_nfs/data/clean_wav_16k/wav2_200_00107.wav 8.2200625
/home/yxhu/work_nfs2/data/test3000_new_data_noisy/wav/speaker026_10271006.wav /home/yxhu/work_nfs/data/clean_wav_16k/speaker026_10271006.wav 9.8916875
/home/yxhu/work_nfs2/data/test3000_new_data_noisy/wav/speaker197_11981011.wav /home/yxhu/work_nfs/data/clean_wav_16k/speaker197_11981011.wav 11.5635625
/home/yxhu/work_nfs2/data/test3000_new_data_noisy/wav/zte_wav_16k_input_029_000017.wav /home/yxhu/work_nfs/data/clean_wav_16k/zte_wav_16k_input_029_000017.wav 8.83575
/home/yxhu/work_nfs2/data/test3000_new_data_noisy/wav/speaker113_11141028.wav /home/yxhu/work_nfs/data/clean_wav_16k/speaker113_11141028.wav 9.8685
/home/yxhu/work_nfs2/data/test3000_new_data_noisy/wav/roboo_wav_16k_006435.wav /home/yxhu/work_nfs/data/clean_wav_16k/roboo_wav_16k_006435.wav 3.2795
/home/yxhu/work_nfs2/data/test3000_new_data_noisy/wav/speaker015_10161036.wav /home/yxhu/work_nfs/data/clean_wav_16k/speaker015_10161036.wav 8.405625
/home/yxhu/work_nfs2/data/test3000_new_data_noisy/wav/MGAK0_MGAK0_SI1036.wav /home/yxhu/work_nfs/data/clean_wav_16k/MGAK0_MGAK0_SI1036.wav 4.56325
/home/yxhu/work_nfs2/data/test3000_new_data_noisy/wav/FALK0_FALK0_SX276.wav /home/yxhu/work_nfs/data/clean_wav_16k/FALK0_FALK0_SX276.wav 2.656
/home/yxhu/work_nfs2/data/test3000_new_data_noisy/wav/MDLR1_MDLR1_SI1299.wav /home/yxhu/work_nfs/data/clean_wav_16k/MDLR1_MDLR1_SI1299.wav 3.0208125
/home/yxhu/work_nfs2/data/test3000_new_data_noisy/wav/speaker044_10451023.wav /home/yxhu/work_nfs/data/clean_wav_16k/speaker044_10451023.wav 8.68425
/home/yxhu/work_nfs2/data/test3000_new_data_noisy/wav/speaker005_10061015.wav /home/yxhu/work_nfs/data/clean_wav_16k/speaker005_10061015.wav 6.9891875
/home/yxhu/work_nfs2/data/test3000_new_data_noisy/wav/speaker086_10871004.wav /home/yxhu/work_nfs/data/clean_wav_16k/speaker086_10871004.wav 7.0820625
/home/yxhu/work_nfs2/data/test3000_new_data_noisy/wav/roboo_wav_16k_018476.wav /home/yxhu/work_nfs/data/clean_wav_16k/roboo_wav_16k_018476.wav 3.0831875
/home/yxhu/work_nfs2/data/test3000_new_data_noisy/wav/speaker071_10721018.wav /home/yxhu/work_nfs/data/clean_wav_16k/speaker071_10721018.wav 11.2384375
/home/yxhu/work_nfs2/data/test3000_new_data_noisy/wav/roboo_wav_16k_010364.wav /home/yxhu/work_nfs/data/clean_wav_16k/roboo_wav_16k_010364.wav 3.5785
/home/yxhu/work_nfs2/data/test3000_new_data_noisy/wav/speaker188_11891009.wav /home/yxhu/work_nfs/data/clean_wav_16k/speaker188_11891009.wav 8.2430625
/home/yxhu/work_nfs2/data/test3000_new_data_noisy/wav/speaker138_11391007.wav /home/yxhu/work_nfs/data/clean_wav_16k/speaker138_11391007.wav 9.0093125
/home/yxhu/work_nfs2/data/test3000_new_data_noisy/wav/speaker069_10701008.wav /home/yxhu/work_nfs/data/clean_wav_16k/speaker069_10701008.wav 7.430375
/home/yxhu/work_nfs2/data/test3000_new_data_noisy/wav/speaker001_10021039.wav /home/yxhu/work_nfs/data/clean_wav_16k/speaker001_10021039.wav 8.3359375
/home/yxhu/work_nfs2/data/test3000_new_data_noisy/wav/speaker140_11411015.wav /home/yxhu/work_nfs/data/clean_wav_16k/speaker140_11411015.wav 10.7740625
/home/yxhu/work_nfs2/data/test3000_new_data_noisy/wav/MBDG0_MBDG0_SX23.wav /home/yxhu/work_nfs/data/clean_wav_16k/MBDG0_MBDG0_SX23.wav 2.521625
/home/yxhu/work_nfs2/data/test3000_new_data_noisy/wav/roboo_wav_16k_018326.wav /home/yxhu/work_nfs/data/clean_wav_16k/roboo_wav_16k_018326.wav 3.0470625
/home/yxhu/work_nfs2/data/test3000_new_data_noisy/wav/speaker152_11531012.wav /home/yxhu/work_nfs/data/clean_wav_16k/speaker152_11531012.wav 8.8468125
/home/yxhu/work_nfs2/data/test3000_new_data_noisy/wav/speaker198_11991007.wav /home/yxhu/work_nfs/data/clean_wav_16k/speaker198_11991007.wav 9.7291875
/home/yxhu/work_nfs2/data/test3000_new_data_noisy/wav/speaker150_11511009.wav /home/yxhu/work_nfs/data/clean_wav_16k/speaker150_11511009.wav 8.1734375
/home/yxhu/work_nfs2/data/test3000_new_data_noisy/wav/roboo_wav_16k_000478.wav /home/yxhu/work_nfs/data/clean_wav_16k/roboo_wav_16k_000478.wav 2.616375
/home/yxhu/work_nfs2/data/test3000_new_data_noisy/wav/roboo_wav_16k_002478.wav /home/yxhu/work_nfs/data/clean_wav_16k/roboo_wav_16k_002478.wav 4.5248125
/home/yxhu/work_nfs2/data/test3000_new_data_noisy/wav/MMVP0_MMVP0_SI654.wav /home/yxhu/work_nfs/data/clean_wav_16k/MMVP0_MMVP0_SI654.wav 6.713625
/home/yxhu/work_nfs2/data/test3000_new_data_noisy/wav/roboo_wav_16k_004429.wav /home/yxhu/work_nfs/data/clean_wav_16k/roboo_wav_16k_004429.wav 4.3173125
/home/yxhu/work_nfs2/data/test3000_new_data_noisy/wav/roboo_wav_16k_012444.wav /home/yxhu/work_nfs/data/clean_wav_16k/roboo_wav_16k_012444.wav 4.848375
/home/yxhu/work_nfs2/data/test3000_new_data_noisy/wav/speaker012_10131005.wav /home/yxhu/work_nfs/data/clean_wav_16k/speaker012_10131005.wav 11.1688125
/home/yxhu/work_nfs2/data/test3000_new_data_noisy/wav/speaker010_10111020.wav /home/yxhu/work_nfs/data/clean_wav_16k/speaker010_10111020.wav 9.195125
/home/yxhu/work_nfs2/data/test3000_new_data_noisy/wav/FKLC1_FKLC1_SI1678.wav /home/yxhu/work_nfs/data/clean_wav_16k/FKLC1_FKLC1_SI1678.wav 1.8688125
/home/yxhu/work_nfs2/data/test3000_new_data_noisy/wav/wav6_200_100039.wav /home/yxhu/work_nfs/data/clean_wav_16k/wav6_200_100039.wav 4.720125
/home/yxhu/work_nfs2/data/test3000_new_data_noisy/wav/MGJF0_MGJF0_SX191.wav /home/yxhu/work_nfs/data/clean_wav_16k/MGJF0_MGJF0_SX191.wav 2.425625
/home/yxhu/work_nfs2/data/test3000_new_data_noisy/wav/roboo_wav_16k_019413.wav /home/yxhu/work_nfs/data/clean_wav_16k/roboo_wav_16k_019413.wav 3.8686875
/home/yxhu/work_nfs2/data/test3000_new_data_noisy/wav/MJDM0_MJDM0_SI1340.wav /home/yxhu/work_nfs/data/clean_wav_16k/MJDM0_MJDM0_SI1340.wav 5.4208125
/home/yxhu/work_nfs2/data/test3000_new_data_noisy/wav/roboo_wav_16k_018434.wav /home/yxhu/work_nfs/data/clean_wav_16k/roboo_wav_16k_018434.wav 4.1915
/home/yxhu/work_nfs2/data/test3000_new_data_noisy/wav/roboo_wav_16k_033458.wav /home/yxhu/work_nfs/data/clean_wav_16k/roboo_wav_16k_033458.wav 4.02
/home/yxhu/work_nfs2/data/test3000_new_data_noisy/wav/roboo_wav_16k_009419.wav /home/yxhu/work_nfs/data/clean_wav_16k/roboo_wav_16k_009419.wav 3.2358125
/home/yxhu/work_nfs2/data/test3000_new_data_noisy/wav/wav4_200_16k_100171.wav /home/yxhu/work_nfs/data/clean_wav_16k/wav4_200_16k_100171.wav 3.1101875
/home/yxhu/work_nfs2/data/test3000_new_data_noisy/wav/MTAB0_MTAB0_SX402.wav /home/yxhu/work_nfs/data/clean_wav_16k/MTAB0_MTAB0_SX402.wav 3.2064375
/home/yxhu/work_nfs2/data/test3000_new_data_noisy/wav/speaker071_10721014.wav /home/yxhu/work_nfs/data/clean_wav_16k/speaker071_10721014.wav 7.801875
/home/yxhu/work_nfs2/data/test3000_new_data_noisy/wav/roboo_wav_16k_020342.wav /home/yxhu/work_nfs/data/clean_wav_16k/roboo_wav_16k_020342.wav 3.227
/home/yxhu/work_nfs2/data/test3000_new_data_noisy/wav/wav2_200_00057.wav /home/yxhu/work_nfs/data/clean_wav_16k/wav2_200_00057.wav 9.3058125
/home/yxhu/work_nfs2/data/test3000_new_data_noisy/wav/speaker136_11371012.wav /home/yxhu/work_nfs/data/clean_wav_16k/speaker136_11371012.wav 9.171875
/home/yxhu/work_nfs2/data/test3000_new_data_noisy/wav/roboo_wav_16k_026465.wav /home/yxhu/work_nfs/data/clean_wav_16k/roboo_wav_16k_026465.wav 2.6615625
/home/yxhu/work_nfs2/data/test3000_new_data_noisy/wav/speaker122_11231039.wav /home/yxhu/work_nfs/data/clean_wav_16k/speaker122_11231039.wav 10.0774375
/home/yxhu/work_nfs2/data/test3000_new_data_noisy/wav/speaker186_11871017.wav /home/yxhu/work_nfs/data/clean_wav_16k/speaker186_11871017.wav 10.2864375
/home/yxhu/work_nfs2/data/test3000_new_data_noisy/wav/speaker095_10961011.wav /home/yxhu/work_nfs/data/clean_wav_16k/speaker095_10961011.wav 10.63475
/home/yxhu/work_nfs2/data/test3000_new_data_noisy/wav/MLNT0_MLNT0_SX282.wav /home/yxhu/work_nfs/data/clean_wav_16k/MLNT0_MLNT0_SX282.wav 3.193625
/home/yxhu/work_nfs2/data/test3000_new_data_noisy/wav/roboo_wav_16k_026402.wav /home/yxhu/work_nfs/data/clean_wav_16k/roboo_wav_16k_026402.wav 6.584
/home/yxhu/work_nfs2/data/test3000_new_data_noisy/wav/speaker160_11611021.wav /home/yxhu/work_nfs/data/clean_wav_16k/speaker160_11611021.wav 8.8235625
/home/yxhu/work_nfs2/data/test3000_new_data_noisy/wav/roboo_wav_16k_019424.wav /home/yxhu/work_nfs/data/clean_wav_16k/roboo_wav_16k_019424.wav 4.5848125
/home/yxhu/work_nfs2/data/test3000_new_data_noisy/wav/roboo_wav_16k_008323.wav /home/yxhu/work_nfs/data/clean_wav_16k/roboo_wav_16k_008323.wav 3.732125
/home/yxhu/work_nfs2/data/test3000_new_data_noisy/wav/wav4_200_16k_100013.wav /home/yxhu/work_nfs/data/clean_wav_16k/wav4_200_16k_100013.wav 3.737875
/home/yxhu/work_nfs2/data/test3000_new_data_noisy/wav/speaker017_10181003.wav /home/yxhu/work_nfs/data/clean_wav_16k/speaker017_10181003.wav 6.6409375
/home/yxhu/work_nfs2/data/test3000_new_data_noisy/wav/FSLS0_FSLS0_SX156.wav /home/yxhu/work_nfs/data/clean_wav_16k/FSLS0_FSLS0_SX156.wav 3.488
/home/yxhu/work_nfs2/data/test3000_new_data_noisy/wav/roboo_wav_16k_023350.wav /home/yxhu/work_nfs/data/clean_wav_16k/roboo_wav_16k_023350.wav 4.04
/home/yxhu/work_nfs2/data/test3000_new_data_noisy/wav/roboo_wav_16k_033486.wav /home/yxhu/work_nfs/data/clean_wav_16k/roboo_wav_16k_033486.wav 3.32
/home/yxhu/work_nfs2/data/test3000_new_data_noisy/wav/roboo_wav_16k_004317.wav /home/yxhu/work_nfs/data/clean_wav_16k/roboo_wav_16k_004317.wav 2.8845
/home/yxhu/work_nfs2/data/test3000_new_data_noisy/wav/wav5_200_16k_107035.wav /home/yxhu/work_nfs/data/clean_wav_16k/wav5_200_16k_107035.wav 3.98
/home/yxhu/work_nfs2/data/test3000_new_data_noisy/wav/roboo_wav_16k_007414.wav /home/yxhu/work_nfs/data/clean_wav_16k/roboo_wav_16k_007414.wav 2.771875
/home/yxhu/work_nfs2/data/test3000_new_data_noisy/wav/roboo_wav_16k_014374.wav /home/yxhu/work_nfs/data/clean_wav_16k/roboo_wav_16k_014374.wav 3.0603125
/home/yxhu/work_nfs2/data/test3000_new_data_noisy/wav/speaker023_10241015.wav /home/yxhu/work_nfs/data/clean_wav_16k/speaker023_10241015.wav 7.3839375
/home/yxhu/work_nfs2/data/test3000_new_data_noisy/wav/MTAB0_MTAB0_SI942.wav /home/yxhu/work_nfs/data/clean_wav_16k/MTAB0_MTAB0_SI942.wav 3.7824375
/home/yxhu/work_nfs2/data/test3000_new_data_noisy/wav/FSKL0_FSKL0_SX89.wav /home/yxhu/work_nfs/data/clean_wav_16k/FSKL0_FSKL0_SX89.wav 2.784
/home/yxhu/work_nfs2/data/test3000_new_data_noisy/wav/speaker171_11721014.wav /home/yxhu/work_nfs/data/clean_wav_16k/speaker171_11721014.wav 8.5681875
/home/yxhu/work_nfs2/data/test3000_new_data_noisy/wav/speaker159_11601005.wav /home/yxhu/work_nfs/data/clean_wav_16k/speaker159_11601005.wav 7.1749375
/home/yxhu/work_nfs2/data/test3000_new_data_noisy/wav/wav2_200_00122.wav /home/yxhu/work_nfs/data/clean_wav_16k/wav2_200_00122.wav 8.7300625
/home/yxhu/work_nfs2/data/test3000_new_data_noisy/wav/speaker110_11111031.wav /home/yxhu/work_nfs/data/clean_wav_16k/speaker110_11111031.wav 10.0774375
/home/yxhu/work_nfs2/data/test3000_new_data_noisy/wav/wav3_200_000141.wav /home/yxhu/work_nfs/data/clean_wav_16k/wav3_200_000141.wav 5.53
/home/yxhu/work_nfs2/data/test3000_new_data_noisy/wav/roboo_wav_16k_003347.wav /home/yxhu/work_nfs/data/clean_wav_16k/roboo_wav_16k_003347.wav 3.1795
/home/yxhu/work_nfs2/data/test3000_new_data_noisy/wav/roboo_wav_16k_004404.wav /home/yxhu/work_nfs/data/clean_wav_16k/roboo_wav_16k_004404.wav 2.5476875
/home/yxhu/work_nfs2/data/test3000_new_data_noisy/wav/speaker000_10011031.wav /home/yxhu/work_nfs/data/clean_wav_16k/speaker000_10011031.wav 8.2663125
/home/yxhu/work_nfs2/data/test3000_new_data_noisy/wav/speaker136_11371026.wav /home/yxhu/work_nfs/data/clean_wav_16k/speaker136_11371026.wav 11.7260625
/home/yxhu/work_nfs2/data/test3000_new_data_noisy/wav/roboo_wav_16k_018390.wav /home/yxhu/work_nfs/data/clean_wav_16k/roboo_wav_16k_018390.wav 4.595875
/home/yxhu/work_nfs2/data/test3000_new_data_noisy/wav/zte_wav_16k_input_033_000015.wav /home/yxhu/work_nfs/data/clean_wav_16k/zte_wav_16k_input_033_000015.wav 9.0283125
/home/yxhu/work_nfs2/data/test3000_new_data_noisy/wav/speaker166_11671023.wav /home/yxhu/work_nfs/data/clean_wav_16k/speaker166_11671023.wav 10.7740625
/home/yxhu/work_nfs2/data/test3000_new_data_noisy/wav/zte_wav_16k_input_063_000026.wav /home/yxhu/work_nfs/data/clean_wav_16k/zte_wav_16k_input_063_000026.wav 10.0219375
/home/yxhu/work_nfs2/data/test3000_new_data_noisy/wav/roboo_wav_16k_010472.wav /home/yxhu/work_nfs/data/clean_wav_16k/roboo_wav_16k_010472.wav 3.29675
/home/yxhu/work_nfs2/data/test3000_new_data_noisy/wav/MJWT0_MJWT0_SX121.wav /home/yxhu/work_nfs/data/clean_wav_16k/MJWT0_MJWT0_SX121.wav 3.129625
/home/yxhu/work_nfs2/data/test3000_new_data_noisy/wav/roboo_wav_16k_019377.wav /home/yxhu/work_nfs/data/clean_wav_16k/roboo_wav_16k_019377.wav 4.388375
/home/yxhu/work_nfs2/data/test3000_new_data_noisy/wav/speaker089_10901007.wav /home/yxhu/work_nfs/data/clean_wav_16k/speaker089_10901007.wav 7.801875
/home/yxhu/work_nfs2/data/test3000_new_data_noisy/wav/FPJF0_FPJF0_SI1676.wav /home/yxhu/work_nfs/data/clean_wav_16k/FPJF0_FPJF0_SI1676.wav 2.83525
/home/yxhu/work_nfs2/data/test3000_new_data_noisy/wav/roboo_wav_16k_007351.wav /home/yxhu/work_nfs/data/clean_wav_16k/roboo_wav_16k_007351.wav 1.99075
/home/yxhu/work_nfs2/data/test3000_new_data_noisy/wav/roboo_wav_16k_023385.wav /home/yxhu/work_nfs/data/clean_wav_16k/roboo_wav_16k_023385.wav 3.0
/home/yxhu/work_nfs2/data/test3000_new_data_noisy/wav/wav6_200_100086.wav /home/yxhu/work_nfs/data/clean_wav_16k/wav6_200_100086.wav 3.6903125
/home/yxhu/work_nfs2/data/test3000_new_data_noisy/wav/speaker123_11241005.wav /home/yxhu/work_nfs/data/clean_wav_16k/speaker123_11241005.wav 7.15175
/home/yxhu/work_nfs2/data/test3000_new_data_noisy/wav/speaker092_10931024.wav /home/yxhu/work_nfs/data/clean_wav_16k/speaker092_10931024.wav 7.453625
