/home/disk2/SE_data/noisy_for_reconst/FAJW0_FAJW0_SX363.wav /home/disk2/SE_data/clean_wav/FAJW0_FAJW0_SX363.wav 3.3664375
/home/disk2/SE_data/noisy_for_reconst/FALK0_FALK0_SX276.wav /home/disk2/SE_data/clean_wav/FALK0_FALK0_SX276.wav 2.656
/home/disk2/SE_data/noisy_for_reconst/FBCG1_FBCG1_SX442.wav /home/disk2/SE_data/clean_wav/FBCG1_FBCG1_SX442.wav 3.5968125
/home/disk2/SE_data/noisy_for_reconst/FBCH0_FBCH0_SX146.wav /home/disk2/SE_data/clean_wav/FBCH0_FBCH0_SX146.wav 2.9184375
/home/disk2/SE_data/noisy_for_reconst/FBMH0_FBMH0_SX56.wav /home/disk2/SE_data/clean_wav/FBMH0_FBMH0_SX56.wav 2.77125
/home/disk2/SE_data/noisy_for_reconst/FCAJ0_FCAJ0_SX129.wav /home/disk2/SE_data/clean_wav/FCAJ0_FCAJ0_SX129.wav 2.8864375
/home/disk2/SE_data/noisy_for_reconst/FCMG0_FCMG0_SI1242.wav /home/disk2/SE_data/clean_wav/FCMG0_FCMG0_SI1242.wav 2.752
/home/disk2/SE_data/noisy_for_reconst/FCMG0_FCMG0_SX72.wav /home/disk2/SE_data/clean_wav/FCMG0_FCMG0_SX72.wav 2.233625
/home/disk2/SE_data/noisy_for_reconst/FCRZ0_FCRZ0_SI2053.wav /home/disk2/SE_data/clean_wav/FCRZ0_FCRZ0_SI2053.wav 2.5344375
/home/disk2/SE_data/noisy_for_reconst/FCYL0_FCYL0_SI667.wav /home/disk2/SE_data/clean_wav/FCYL0_FCYL0_SI667.wav 4.985625
/home/disk2/SE_data/noisy_for_reconst/FDAW0_FDAW0_SX146.wav /home/disk2/SE_data/clean_wav/FDAW0_FDAW0_SX146.wav 2.6304375
/home/disk2/SE_data/noisy_for_reconst/FDFB0_FDFB0_SX148.wav /home/disk2/SE_data/clean_wav/FDFB0_FDFB0_SX148.wav 2.3424375
/home/disk2/SE_data/noisy_for_reconst/FDHC0_FDHC0_SX119.wav /home/disk2/SE_data/clean_wav/FDHC0_FDHC0_SX119.wav 3.02725
/home/disk2/SE_data/noisy_for_reconst/FDMY0_FDMY0_SI714.wav /home/disk2/SE_data/clean_wav/FDMY0_FDMY0_SI714.wav 6.585625
/home/disk2/SE_data/noisy_for_reconst/FDTD0_FDTD0_SI2191.wav /home/disk2/SE_data/clean_wav/FDTD0_FDTD0_SI2191.wav 3.2064375
/home/disk2/SE_data/noisy_for_reconst/FECD0_FECD0_SX338.wav /home/disk2/SE_data/clean_wav/FECD0_FECD0_SX338.wav 3.321625
/home/disk2/SE_data/noisy_for_reconst/FEDW0_FEDW0_SX94.wav /home/disk2/SE_data/clean_wav/FEDW0_FEDW0_SX94.wav 3.385625
/home/disk2/SE_data/noisy_for_reconst/FEEH0_FEEH0_SX32.wav /home/disk2/SE_data/clean_wav/FEEH0_FEEH0_SX32.wav 2.873625
/home/disk2/SE_data/noisy_for_reconst/FETB0_FETB0_SX338.wav /home/disk2/SE_data/clean_wav/FETB0_FETB0_SX338.wav 3.18725
/home/disk2/SE_data/noisy_for_reconst/FETB0_FETB0_SX428.wav /home/disk2/SE_data/clean_wav/FETB0_FETB0_SX428.wav 3.4304375
/home/disk2/SE_data/noisy_for_reconst/FEXM0_FEXM0_SX111.wav /home/disk2/SE_data/clean_wav/FEXM0_FEXM0_SX111.wav 3.0784375
/home/disk2/SE_data/noisy_for_reconst/FEXM0_FEXM0_SX291.wav /home/disk2/SE_data/clean_wav/FEXM0_FEXM0_SX291.wav 3.488
/home/disk2/SE_data/noisy_for_reconst/FGCS0_FGCS0_SX226.wav /home/disk2/SE_data/clean_wav/FGCS0_FGCS0_SX226.wav 2.905625
/home/disk2/SE_data/noisy_for_reconst/FGCS0_FGCS0_SX316.wav /home/disk2/SE_data/clean_wav/FGCS0_FGCS0_SX316.wav 2.3744375
/home/disk2/SE_data/noisy_for_reconst/FGJD0_FGJD0_SI549.wav /home/disk2/SE_data/clean_wav/FGJD0_FGJD0_SI549.wav 5.1584375
/home/disk2/SE_data/noisy_for_reconst/FGJD0_FGJD0_SI818.wav /home/disk2/SE_data/clean_wav/FGJD0_FGJD0_SI818.wav 5.5488125
/home/disk2/SE_data/noisy_for_reconst/FGJD0_FGJD0_SX279.wav /home/disk2/SE_data/clean_wav/FGJD0_FGJD0_SX279.wav 3.872
/home/disk2/SE_data/noisy_for_reconst/FHLM0_FHLM0_SX210.wav /home/disk2/SE_data/clean_wav/FHLM0_FHLM0_SX210.wav 3.0144375
/home/disk2/SE_data/noisy_for_reconst/FHXS0_FHXS0_SI1075.wav /home/disk2/SE_data/clean_wav/FHXS0_FHXS0_SI1075.wav 4.48
/home/disk2/SE_data/noisy_for_reconst/FHXS0_FHXS0_SX265.wav /home/disk2/SE_data/clean_wav/FHXS0_FHXS0_SX265.wav 2.784
/home/disk2/SE_data/noisy_for_reconst/FJEM0_FJEM0_SX4.wav /home/disk2/SE_data/clean_wav/FJEM0_FJEM0_SX4.wav 3.0144375
/home/disk2/SE_data/noisy_for_reconst/FJHK0_FJHK0_SI2282.wav /home/disk2/SE_data/clean_wav/FJHK0_FJHK0_SI2282.wav 4.8704375
/home/disk2/SE_data/noisy_for_reconst/FJKL0_FJKL0_SI932.wav /home/disk2/SE_data/clean_wav/FJKL0_FJKL0_SI932.wav 4.9728125
/home/disk2/SE_data/noisy_for_reconst/FJLM0_FJLM0_SX53.wav /home/disk2/SE_data/clean_wav/FJLM0_FJLM0_SX53.wav 3.097625
/home/disk2/SE_data/noisy_for_reconst/FJSJ0_FJSJ0_SX134.wav /home/disk2/SE_data/clean_wav/FJSJ0_FJSJ0_SX134.wav 2.809625
/home/disk2/SE_data/noisy_for_reconst/FJSK0_FJSK0_SI1682.wav /home/disk2/SE_data/clean_wav/FJSK0_FJSK0_SI1682.wav 2.681625
/home/disk2/SE_data/noisy_for_reconst/FJSP0_FJSP0_SX354.wav /home/disk2/SE_data/clean_wav/FJSP0_FJSP0_SX354.wav 2.73925
/home/disk2/SE_data/noisy_for_reconst/FJWB1_FJWB1_SI748.wav /home/disk2/SE_data/clean_wav/FJWB1_FJWB1_SI748.wav 4.1664375
/home/disk2/SE_data/noisy_for_reconst/FJWB1_FJWB1_SX255.wav /home/disk2/SE_data/clean_wav/FJWB1_FJWB1_SX255.wav 2.1824375
/home/disk2/SE_data/noisy_for_reconst/FJXP0_FJXP0_SI1752.wav /home/disk2/SE_data/clean_wav/FJXP0_FJXP0_SI1752.wav 4.2048125
/home/disk2/SE_data/noisy_for_reconst/FKDW0_FKDW0_SX397.wav /home/disk2/SE_data/clean_wav/FKDW0_FKDW0_SX397.wav 2.848
/home/disk2/SE_data/noisy_for_reconst/FKKH0_FKKH0_SX300.wav /home/disk2/SE_data/clean_wav/FKKH0_FKKH0_SX300.wav 2.45125
/home/disk2/SE_data/noisy_for_reconst/FKLC1_FKLC1_SI1678.wav /home/disk2/SE_data/clean_wav/FKLC1_FKLC1_SI1678.wav 1.8688125
/home/disk2/SE_data/noisy_for_reconst/FLJG0_FLJG0_SX351.wav /home/disk2/SE_data/clean_wav/FLJG0_FLJG0_SX351.wav 4.793625
/home/disk2/SE_data/noisy_for_reconst/FLMC0_FLMC0_SX336.wav /home/disk2/SE_data/clean_wav/FLMC0_FLMC0_SX336.wav 4.0
/home/disk2/SE_data/noisy_for_reconst/FLOD0_FLOD0_SX297.wav /home/disk2/SE_data/clean_wav/FLOD0_FLOD0_SX297.wav 1.97125
/home/disk2/SE_data/noisy_for_reconst/FMAH0_FMAH0_SX209.wav /home/disk2/SE_data/clean_wav/FMAH0_FMAH0_SX209.wav 2.7968125
/home/disk2/SE_data/noisy_for_reconst/FMAH1_FMAH1_SI1509.wav /home/disk2/SE_data/clean_wav/FMAH1_FMAH1_SI1509.wav 2.8928125
/home/disk2/SE_data/noisy_for_reconst/FMJF0_FMJF0_SI1884.wav /home/disk2/SE_data/clean_wav/FMJF0_FMJF0_SI1884.wav 2.0224375
/home/disk2/SE_data/noisy_for_reconst/FMKC0_FMKC0_SI1072.wav /home/disk2/SE_data/clean_wav/FMKC0_FMKC0_SI1072.wav 2.272
